
Memory Configuration

Name             Origin             Length             Attributes
*default*        0x0000000000000000 0xffffffffffffffff

Linker script and memory map

LOAD px4flow.cpp.o

.interp
 *(.interp)

.note.gnu.build-id
 *(.note.gnu.build-id)

.hash
 *(.hash)

.gnu.hash
 *(.gnu.hash)

.dynsym
 *(.dynsym)

.dynstr
 *(.dynstr)

.gnu.version
 *(.gnu.version)

.gnu.version_d
 *(.gnu.version_d)

.gnu.version_r
 *(.gnu.version_r)

.rel.init
 *(.rel.init)

.rela.init
 *(.rela.init)

.rel.text
 *(.rel.text)

.rela.text
 *(.rela.text)

.rel.fini
 *(.rel.fini)

.rela.fini
 *(.rela.fini)

.rel.rodata
 *(.rel.rodata)

.rela.rodata
 *(.rela.rodata)

.rel.data.rel.ro
 *(.rel.data.rel.ro)

.rela.data.rel.ro
 *(.rela.data.rel.ro)

.rel.data
 *(.rel.data)

.rela.data
 *(.rela.data)

.rel.tdata
 *(.rel.tdata)

.rela.tdata
 *(.rela.tdata)

.rel.tbss
 *(.rel.tbss)

.rela.tbss
 *(.rela.tbss)

.rel.ctors
 *(.rel.ctors)

.rela.ctors
 *(.rela.ctors)

.rel.dtors
 *(.rel.dtors)

.rela.dtors
 *(.rela.dtors)

.rel.got
 *(.rel.got)

.rela.got
 *(.rela.got)

.rel.bss
 *(.rel.bss)

.rela.bss
 *(.rela.bss)

.rel.iplt
 *(.rel.iplt)

.rela.iplt
 *(.rela.iplt)

.rel.plt
 *(.rel.plt)

.rela.plt
 *(.rela.plt)

.init
 *(SORT(.init))

.plt
 *(.plt)

.iplt
 *(.iplt)

.text           0x0000000000000000        0x0
 *(.text .stub)
 .text          0x0000000000000000        0x0 px4flow.cpp.o
 *(.gnu.warning)

.text._ZN10RingBufferD2Ev
                0x0000000000000000       0x18
 .text._ZN10RingBufferD2Ev
                0x0000000000000000       0x18 px4flow.cpp.o
                0x0000000000000000                RingBuffer::~RingBuffer()
                0x0000000000000000                RingBuffer::~RingBuffer()

.text._ZN10RingBufferD0Ev
                0x0000000000000000       0x12
 .text._ZN10RingBufferD0Ev
                0x0000000000000000       0x12 px4flow.cpp.o
                0x0000000000000000                RingBuffer::~RingBuffer()

.text._ZN10RingBufferC2Ejj
                0x0000000000000000       0x24
 .text._ZN10RingBufferC2Ejj
                0x0000000000000000       0x24 px4flow.cpp.o
                0x0000000000000000                RingBuffer::RingBuffer(unsigned int, unsigned int)
                0x0000000000000000                RingBuffer::RingBuffer(unsigned int, unsigned int)

.text._ZN10RingBuffer5_nextEj
                0x0000000000000000        0xa
 .text._ZN10RingBuffer5_nextEj
                0x0000000000000000        0xa px4flow.cpp.o
                0x0000000000000000                RingBuffer::_next(unsigned int)

.text._ZN10RingBuffer5emptyEv
                0x0000000000000000        0xc
 .text._ZN10RingBuffer5emptyEv
                0x0000000000000000        0xc px4flow.cpp.o
                0x0000000000000000                RingBuffer::empty()

.text._ZN10RingBuffer4fullEv
                0x0000000000000000       0x14
 .text._ZN10RingBuffer4fullEv
                0x0000000000000000       0x14 px4flow.cpp.o
                0x0000000000000000                RingBuffer::full()

.text._ZN10RingBuffer4sizeEv
                0x0000000000000000        0xc
 .text._ZN10RingBuffer4sizeEv
                0x0000000000000000        0xc px4flow.cpp.o
                0x0000000000000000                RingBuffer::size()

.text._ZN10RingBuffer3putEPKvj
                0x0000000000000000       0x34
 .text._ZN10RingBuffer3putEPKvj
                0x0000000000000000       0x34 px4flow.cpp.o
                0x0000000000000000                RingBuffer::put(void const*, unsigned int)

.text._ZN10RingBuffer3putEa
                0x0000000000000000       0x16
 .text._ZN10RingBuffer3putEa
                0x0000000000000000       0x16 px4flow.cpp.o
                0x0000000000000000                RingBuffer::put(signed char)

.text._ZN10RingBuffer3putEh
                0x0000000000000000       0x16
 .text._ZN10RingBuffer3putEh
                0x0000000000000000       0x16 px4flow.cpp.o
                0x0000000000000000                RingBuffer::put(unsigned char)

.text._ZN10RingBuffer3putEs
                0x0000000000000000       0x16
 .text._ZN10RingBuffer3putEs
                0x0000000000000000       0x16 px4flow.cpp.o
                0x0000000000000000                RingBuffer::put(short)

.text._ZN10RingBuffer3putEt
                0x0000000000000000       0x16
 .text._ZN10RingBuffer3putEt
                0x0000000000000000       0x16 px4flow.cpp.o
                0x0000000000000000                RingBuffer::put(unsigned short)

.text._ZN10RingBuffer3putEi
                0x0000000000000000       0x16
 .text._ZN10RingBuffer3putEi
                0x0000000000000000       0x16 px4flow.cpp.o
                0x0000000000000000                RingBuffer::put(int)

.text._ZN10RingBuffer3putEj
                0x0000000000000000       0x16
 .text._ZN10RingBuffer3putEj
                0x0000000000000000       0x16 px4flow.cpp.o
                0x0000000000000000                RingBuffer::put(unsigned int)

.text._ZN10RingBuffer3putEx
                0x0000000000000000       0x16
 .text._ZN10RingBuffer3putEx
                0x0000000000000000       0x16 px4flow.cpp.o
                0x0000000000000000                RingBuffer::put(long long)

.text._ZN10RingBuffer3putEy
                0x0000000000000000       0x16
 .text._ZN10RingBuffer3putEy
                0x0000000000000000       0x16 px4flow.cpp.o
                0x0000000000000000                RingBuffer::put(unsigned long long)

.text._ZN10RingBuffer3putEf
                0x0000000000000000       0x14
 .text._ZN10RingBuffer3putEf
                0x0000000000000000       0x14 px4flow.cpp.o
                0x0000000000000000                RingBuffer::put(float)

.text._ZN10RingBuffer3putEd
                0x0000000000000000       0x16
 .text._ZN10RingBuffer3putEd
                0x0000000000000000       0x16 px4flow.cpp.o
                0x0000000000000000                RingBuffer::put(double)

.text._ZN10RingBuffer3getEPvj
                0x0000000000000000       0x62
 .text._ZN10RingBuffer3getEPvj
                0x0000000000000000       0x62 px4flow.cpp.o
                0x0000000000000000                RingBuffer::get(void*, unsigned int)

.text._ZN10RingBuffer5flushEv
                0x0000000000000000       0x1a
 .text._ZN10RingBuffer5flushEv
                0x0000000000000000       0x1a px4flow.cpp.o
                0x0000000000000000                RingBuffer::flush()

.text._ZN10RingBuffer5forceEPKvj
                0x0000000000000000       0x28
 .text._ZN10RingBuffer5forceEPKvj
                0x0000000000000000       0x28 px4flow.cpp.o
                0x0000000000000000                RingBuffer::force(void const*, unsigned int)

.text._ZN10RingBuffer5forceEa
                0x0000000000000000       0x16
 .text._ZN10RingBuffer5forceEa
                0x0000000000000000       0x16 px4flow.cpp.o
                0x0000000000000000                RingBuffer::force(signed char)

.text._ZN10RingBuffer5forceEh
                0x0000000000000000       0x16
 .text._ZN10RingBuffer5forceEh
                0x0000000000000000       0x16 px4flow.cpp.o
                0x0000000000000000                RingBuffer::force(unsigned char)

.text._ZN10RingBuffer5forceEs
                0x0000000000000000       0x16
 .text._ZN10RingBuffer5forceEs
                0x0000000000000000       0x16 px4flow.cpp.o
                0x0000000000000000                RingBuffer::force(short)

.text._ZN10RingBuffer5forceEt
                0x0000000000000000       0x16
 .text._ZN10RingBuffer5forceEt
                0x0000000000000000       0x16 px4flow.cpp.o
                0x0000000000000000                RingBuffer::force(unsigned short)

.text._ZN10RingBuffer5forceEi
                0x0000000000000000       0x16
 .text._ZN10RingBuffer5forceEi
                0x0000000000000000       0x16 px4flow.cpp.o
                0x0000000000000000                RingBuffer::force(int)

.text._ZN10RingBuffer5forceEj
                0x0000000000000000       0x16
 .text._ZN10RingBuffer5forceEj
                0x0000000000000000       0x16 px4flow.cpp.o
                0x0000000000000000                RingBuffer::force(unsigned int)

.text._ZN10RingBuffer5forceEx
                0x0000000000000000       0x16
 .text._ZN10RingBuffer5forceEx
                0x0000000000000000       0x16 px4flow.cpp.o
                0x0000000000000000                RingBuffer::force(long long)

.text._ZN10RingBuffer5forceEy
                0x0000000000000000       0x16
 .text._ZN10RingBuffer5forceEy
                0x0000000000000000       0x16 px4flow.cpp.o
                0x0000000000000000                RingBuffer::force(unsigned long long)

.text._ZN10RingBuffer5forceEf
                0x0000000000000000       0x14
 .text._ZN10RingBuffer5forceEf
                0x0000000000000000       0x14 px4flow.cpp.o
                0x0000000000000000                RingBuffer::force(float)

.text._ZN10RingBuffer5forceEd
                0x0000000000000000       0x16
 .text._ZN10RingBuffer5forceEd
                0x0000000000000000       0x16 px4flow.cpp.o
                0x0000000000000000                RingBuffer::force(double)

.text._ZN10RingBuffer3getERa
                0x0000000000000000        0x6
 .text._ZN10RingBuffer3getERa
                0x0000000000000000        0x6 px4flow.cpp.o
                0x0000000000000000                RingBuffer::get(signed char&)

.text._ZN10RingBuffer3getERh
                0x0000000000000000        0x6
 .text._ZN10RingBuffer3getERh
                0x0000000000000000        0x6 px4flow.cpp.o
                0x0000000000000000                RingBuffer::get(unsigned char&)

.text._ZN10RingBuffer3getERs
                0x0000000000000000        0x6
 .text._ZN10RingBuffer3getERs
                0x0000000000000000        0x6 px4flow.cpp.o
                0x0000000000000000                RingBuffer::get(short&)

.text._ZN10RingBuffer3getERt
                0x0000000000000000        0x6
 .text._ZN10RingBuffer3getERt
                0x0000000000000000        0x6 px4flow.cpp.o
                0x0000000000000000                RingBuffer::get(unsigned short&)

.text._ZN10RingBuffer3getERi
                0x0000000000000000        0x6
 .text._ZN10RingBuffer3getERi
                0x0000000000000000        0x6 px4flow.cpp.o
                0x0000000000000000                RingBuffer::get(int&)

.text._ZN10RingBuffer3getERj
                0x0000000000000000        0x6
 .text._ZN10RingBuffer3getERj
                0x0000000000000000        0x6 px4flow.cpp.o
                0x0000000000000000                RingBuffer::get(unsigned int&)

.text._ZN10RingBuffer3getERx
                0x0000000000000000        0x6
 .text._ZN10RingBuffer3getERx
                0x0000000000000000        0x6 px4flow.cpp.o
                0x0000000000000000                RingBuffer::get(long long&)

.text._ZN10RingBuffer3getERy
                0x0000000000000000        0x6
 .text._ZN10RingBuffer3getERy
                0x0000000000000000        0x6 px4flow.cpp.o
                0x0000000000000000                RingBuffer::get(unsigned long long&)

.text._ZN10RingBuffer3getERf
                0x0000000000000000        0x6
 .text._ZN10RingBuffer3getERf
                0x0000000000000000        0x6 px4flow.cpp.o
                0x0000000000000000                RingBuffer::get(float&)

.text._ZN10RingBuffer3getERd
                0x0000000000000000        0x6
 .text._ZN10RingBuffer3getERd
                0x0000000000000000        0x6 px4flow.cpp.o
                0x0000000000000000                RingBuffer::get(double&)

.text._ZN10RingBuffer5spaceEv
                0x0000000000000000       0x1a
 .text._ZN10RingBuffer5spaceEv
                0x0000000000000000       0x1a px4flow.cpp.o
                0x0000000000000000                RingBuffer::space()

.text._ZN10RingBuffer5countEv
                0x0000000000000000        0xc
 .text._ZN10RingBuffer5countEv
                0x0000000000000000        0xc px4flow.cpp.o
                0x0000000000000000                RingBuffer::count()

.text._ZN10RingBuffer6resizeEj
                0x0000000000000000       0x28
 .text._ZN10RingBuffer6resizeEj
                0x0000000000000000       0x28 px4flow.cpp.o
                0x0000000000000000                RingBuffer::resize(unsigned int)

.text._ZN10RingBuffer10print_infoEPKc
                0x0000000000000000       0x24
 .text._ZN10RingBuffer10print_infoEPKc
                0x0000000000000000       0x24 px4flow.cpp.o
                0x0000000000000000                RingBuffer::print_info(char const*)

.text._ZN7PX4FLOWC2Eii8Rotation
                0x0000000000000000       0x94
 .text._ZN7PX4FLOWC2Eii8Rotation
                0x0000000000000000       0x94 px4flow.cpp.o
                0x0000000000000000                PX4FLOW::PX4FLOW(int, int, Rotation)
                0x0000000000000000                PX4FLOW::PX4FLOW(int, int, Rotation)

.text._ZN7PX4FLOW7measureEv
                0x0000000000000000       0x38
 .text._ZN7PX4FLOW7measureEv
                0x0000000000000000       0x38 px4flow.cpp.o
                0x0000000000000000                PX4FLOW::measure()

.text._ZN7PX4FLOW5probeEv
                0x0000000000000000       0x26
 .text._ZN7PX4FLOW5probeEv
                0x0000000000000000       0x26 px4flow.cpp.o
                0x0000000000000000                PX4FLOW::probe()

.text._ZN7PX4FLOW7collectEv
                0x0000000000000000      0x174
 .text._ZN7PX4FLOW7collectEv
                0x0000000000000000      0x174 px4flow.cpp.o
                0x0000000000000000                PX4FLOW::collect()

.text._ZN7PX4FLOW4readEP4filePcj
                0x0000000000000000       0x78
 .text._ZN7PX4FLOW4readEP4filePcj
                0x0000000000000000       0x78 px4flow.cpp.o
                0x0000000000000000                PX4FLOW::read(file*, char*, unsigned int)

.text._ZN7PX4FLOW5startEv
                0x0000000000000000       0x60
 .text._ZN7PX4FLOW5startEv
                0x0000000000000000       0x60 px4flow.cpp.o
                0x0000000000000000                PX4FLOW::start()

.text._ZN7PX4FLOW4stopEv
                0x0000000000000000        0xa
 .text._ZN7PX4FLOW4stopEv
                0x0000000000000000        0xa px4flow.cpp.o
                0x0000000000000000                PX4FLOW::stop()

.text._ZN7PX4FLOWD2Ev
                0x0000000000000000       0x28
 .text._ZN7PX4FLOWD2Ev
                0x0000000000000000       0x28 px4flow.cpp.o
                0x0000000000000000                PX4FLOW::~PX4FLOW()
                0x0000000000000000                PX4FLOW::~PX4FLOW()

.text._ZN7PX4FLOWD0Ev
                0x0000000000000000       0x12
 .text._ZN7PX4FLOWD0Ev
                0x0000000000000000       0x12 px4flow.cpp.o
                0x0000000000000000                PX4FLOW::~PX4FLOW()

.text._ZN7PX4FLOW5cycleEv
                0x0000000000000000       0x50
 .text._ZN7PX4FLOW5cycleEv
                0x0000000000000000       0x50 px4flow.cpp.o
                0x0000000000000000                PX4FLOW::cycle()

.text._ZN7PX4FLOW16cycle_trampolineEPv
                0x0000000000000000        0x4
 .text._ZN7PX4FLOW16cycle_trampolineEPv
                0x0000000000000000        0x4 px4flow.cpp.o
                0x0000000000000000                PX4FLOW::cycle_trampoline(void*)

.text._ZN7PX4FLOW10print_infoEv
                0x0000000000000000       0x3c
 .text._ZN7PX4FLOW10print_infoEv
                0x0000000000000000       0x3c px4flow.cpp.o
                0x0000000000000000                PX4FLOW::print_info()

.text._ZN7px4flow5startEv
                0x0000000000000000       0xa8
 .text._ZN7px4flow5startEv
                0x0000000000000000       0xa8 px4flow.cpp.o
                0x0000000000000000                px4flow::start()

.text._ZN7px4flow4stopEv
                0x0000000000000000       0x28
 .text._ZN7px4flow4stopEv
                0x0000000000000000       0x28 px4flow.cpp.o
                0x0000000000000000                px4flow::stop()

.text._ZN7px4flow4testEv
                0x0000000000000000      0x1a0
 .text._ZN7px4flow4testEv
                0x0000000000000000      0x1a0 px4flow.cpp.o
                0x0000000000000000                px4flow::test()

.text._ZN7px4flow5resetEv
                0x0000000000000000       0x5c
 .text._ZN7px4flow5resetEv
                0x0000000000000000       0x5c px4flow.cpp.o
                0x0000000000000000                px4flow::reset()

.text._ZN7px4flow4infoEv
                0x0000000000000000       0x30
 .text._ZN7px4flow4infoEv
                0x0000000000000000       0x30 px4flow.cpp.o
                0x0000000000000000                px4flow::info()

.text.px4flow_main
                0x0000000000000000       0x78
 .text.px4flow_main
                0x0000000000000000       0x78 px4flow.cpp.o
                0x0000000000000000                px4flow_main

.text._ZN7PX4FLOW4initEv
                0x0000000000000000       0x34
 .text._ZN7PX4FLOW4initEv
                0x0000000000000000       0x34 px4flow.cpp.o
                0x0000000000000000                PX4FLOW::init()

.text._ZN7PX4FLOW5ioctlEP4fileim
                0x0000000000000000       0xec
 .text._ZN7PX4FLOW5ioctlEP4fileim
                0x0000000000000000       0xec px4flow.cpp.o
                0x0000000000000000                PX4FLOW::ioctl(file*, int, unsigned long)

.fini
 *(SORT(.fini))

.rodata         0x0000000000000000        0x8
 *(.rodata)
 .rodata        0x0000000000000000        0x8 px4flow.cpp.o

.rodata._ZTV7PX4FLOW
                0x0000000000000000       0x60
 .rodata._ZTV7PX4FLOW
                0x0000000000000000       0x60 px4flow.cpp.o
                0x0000000000000000                vtable for PX4FLOW

.rodata.str1.1  0x0000000000000000      0x3c3
 .rodata.str1.1
                0x0000000000000000      0x3c3 px4flow.cpp.o

.rodata._ZTV10RingBuffer
                0x0000000000000000       0x10
 .rodata._ZTV10RingBuffer
                0x0000000000000000       0x10 px4flow.cpp.o
                0x0000000000000000                vtable for RingBuffer

.rodata1
 *(.rodata1)

.ARM.extab
 *(.ARM.extab)

.ARM.exidx
 *(.ARM.exidx)

.eh_frame_hdr
 *(.eh_frame_hdr)

.eh_frame
 *(.eh_frame)

.gcc_except_table
 *(.gcc_except_table .gcc_except_table.*)

.exception_ranges
 *(.exception_ranges .exception_ranges*)

.eh_frame
 *(.eh_frame)

.gcc_except_table
 *(.gcc_except_table .gcc_except_table.*)

.exception_ranges
 *(.exception_ranges .exception_ranges*)

.tdata
 *(.tdata)

.tbss
 *(.tbss)

.preinit_array
 *(.preinit_array)

.jcr
 *(.jcr)

.dynamic
 *(.dynamic)

.got
 *(.got.plt)
 *(.igot.plt)
 *(.got)
 *(.igot)

.data           0x0000000000000000        0x0
 *(.data)
 .data          0x0000000000000000        0x0 px4flow.cpp.o

.data._ZZN7PX4FLOW5startEvE3pub
                0x0000000000000000        0x4
 .data._ZZN7PX4FLOW5startEvE3pub
                0x0000000000000000        0x4 px4flow.cpp.o

.data1
 *(.data1)

.bss            0x0000000000000000        0x0
 *(.dynbss)
 *(.bss)
 .bss           0x0000000000000000        0x0 px4flow.cpp.o
 *(COMMON)

.bss.f_integral
                0x0000000000000000       0x1c
 .bss.f_integral
                0x0000000000000000       0x1c px4flow.cpp.o
                0x0000000000000000                f_integral

.bss._ZN7px4flow5g_devE
                0x0000000000000000        0x4
 .bss._ZN7px4flow5g_devE
                0x0000000000000000        0x4 px4flow.cpp.o
                0x0000000000000000                px4flow::g_dev

.bss.f          0x0000000000000000       0x16
 .bss.f         0x0000000000000000       0x16 px4flow.cpp.o
                0x0000000000000000                f

.stab
 *(.stab)

.stabstr
 *(.stabstr)

.stab.excl
 *(.stab.excl)

.stab.exclstr
 *(.stab.exclstr)

.stab.index
 *(.stab.index)

.stab.indexstr
 *(.stab.indexstr)

.comment        0x0000000000000000       0x71
 *(.comment)
 .comment       0x0000000000000000       0x71 px4flow.cpp.o

.group          0x0000000000000000        0x8
 .group         0x0000000000000000        0x8 px4flow.cpp.o

.group          0x0000000000000000        0x8
 .group         0x0000000000000000        0x8 px4flow.cpp.o

.group          0x0000000000000000        0x8
 .group         0x0000000000000000        0x8 px4flow.cpp.o

.group          0x0000000000000000        0x8
 .group         0x0000000000000000        0x8 px4flow.cpp.o

.group          0x0000000000000000        0x8
 .group         0x0000000000000000        0x8 px4flow.cpp.o

.group          0x0000000000000000        0x8
 .group         0x0000000000000000        0x8 px4flow.cpp.o

.group          0x0000000000000000        0x8
 .group         0x0000000000000000        0x8 px4flow.cpp.o

.group          0x0000000000000000        0x8
 .group         0x0000000000000000        0x8 px4flow.cpp.o

.group          0x0000000000000000        0x8
 .group         0x0000000000000000        0x8 px4flow.cpp.o

.group          0x0000000000000000        0x8
 .group         0x0000000000000000        0x8 px4flow.cpp.o

.group          0x0000000000000000        0x8
 .group         0x0000000000000000        0x8 px4flow.cpp.o

.group          0x0000000000000000        0x8
 .group         0x0000000000000000        0x8 px4flow.cpp.o

.group          0x0000000000000000        0x8
 .group         0x0000000000000000        0x8 px4flow.cpp.o

.group          0x0000000000000000        0x8
 .group         0x0000000000000000        0x8 px4flow.cpp.o

.group          0x0000000000000000        0x8
 .group         0x0000000000000000        0x8 px4flow.cpp.o

.group          0x0000000000000000        0x8
 .group         0x0000000000000000        0x8 px4flow.cpp.o

.group          0x0000000000000000        0x8
 .group         0x0000000000000000        0x8 px4flow.cpp.o

.group          0x0000000000000000        0x8
 .group         0x0000000000000000        0x8 px4flow.cpp.o

.group          0x0000000000000000        0x8
 .group         0x0000000000000000        0x8 px4flow.cpp.o

.group          0x0000000000000000        0x8
 .group         0x0000000000000000        0x8 px4flow.cpp.o

.group          0x0000000000000000        0x8
 .group         0x0000000000000000        0x8 px4flow.cpp.o

.group          0x0000000000000000        0x8
 .group         0x0000000000000000        0x8 px4flow.cpp.o

.group          0x0000000000000000        0x8
 .group         0x0000000000000000        0x8 px4flow.cpp.o

.group          0x0000000000000000        0x8
 .group         0x0000000000000000        0x8 px4flow.cpp.o

.group          0x0000000000000000        0x8
 .group         0x0000000000000000        0x8 px4flow.cpp.o

.group          0x0000000000000000        0x8
 .group         0x0000000000000000        0x8 px4flow.cpp.o

.group          0x0000000000000000        0x8
 .group         0x0000000000000000        0x8 px4flow.cpp.o

.group          0x0000000000000000        0x8
 .group         0x0000000000000000        0x8 px4flow.cpp.o

.group          0x0000000000000000        0x8
 .group         0x0000000000000000        0x8 px4flow.cpp.o

.group          0x0000000000000000        0x8
 .group         0x0000000000000000        0x8 px4flow.cpp.o

.group          0x0000000000000000        0x8
 .group         0x0000000000000000        0x8 px4flow.cpp.o

.group          0x0000000000000000        0x8
 .group         0x0000000000000000        0x8 px4flow.cpp.o

.group          0x0000000000000000        0x8
 .group         0x0000000000000000        0x8 px4flow.cpp.o

.group          0x0000000000000000        0x8
 .group         0x0000000000000000        0x8 px4flow.cpp.o

.group          0x0000000000000000        0x8
 .group         0x0000000000000000        0x8 px4flow.cpp.o

.group          0x0000000000000000        0x8
 .group         0x0000000000000000        0x8 px4flow.cpp.o

.group          0x0000000000000000        0x8
 .group         0x0000000000000000        0x8 px4flow.cpp.o

.group          0x0000000000000000        0x8
 .group         0x0000000000000000        0x8 px4flow.cpp.o

.group          0x0000000000000000        0x8
 .group         0x0000000000000000        0x8 px4flow.cpp.o

.group          0x0000000000000000        0x8
 .group         0x0000000000000000        0x8 px4flow.cpp.o

.group          0x0000000000000000        0x8
 .group         0x0000000000000000        0x8 px4flow.cpp.o

.group          0x0000000000000000        0x8
 .group         0x0000000000000000        0x8 px4flow.cpp.o

.group          0x0000000000000000        0x8
 .group         0x0000000000000000        0x8 px4flow.cpp.o

.group          0x0000000000000000        0x8
 .group         0x0000000000000000        0x8 px4flow.cpp.o

.group          0x0000000000000000        0x8
 .group         0x0000000000000000        0x8 px4flow.cpp.o

.group          0x0000000000000000        0x8
 .group         0x0000000000000000        0x8 px4flow.cpp.o

.group          0x0000000000000000        0x8
 .group         0x0000000000000000        0x8 px4flow.cpp.o

.group          0x0000000000000000        0x8
 .group         0x0000000000000000        0x8 px4flow.cpp.o

.group          0x0000000000000000        0x8
 .group         0x0000000000000000        0x8 px4flow.cpp.o

.group          0x0000000000000000        0x8
 .group         0x0000000000000000        0x8 px4flow.cpp.o

.group          0x0000000000000000        0x8
 .group         0x0000000000000000        0x8 px4flow.cpp.o

.group          0x0000000000000000        0x8
 .group         0x0000000000000000        0x8 px4flow.cpp.o

.group          0x0000000000000000        0x8
 .group         0x0000000000000000        0x8 px4flow.cpp.o

.group          0x0000000000000000        0x8
 .group         0x0000000000000000        0x8 px4flow.cpp.o

.group          0x0000000000000000        0x8
 .group         0x0000000000000000        0x8 px4flow.cpp.o

.group          0x0000000000000000        0x8
 .group         0x0000000000000000        0x8 px4flow.cpp.o

.group          0x0000000000000000        0x8
 .group         0x0000000000000000        0x8 px4flow.cpp.o

.group          0x0000000000000000        0x8
 .group         0x0000000000000000        0x8 px4flow.cpp.o

.group          0x0000000000000000        0x8
 .group         0x0000000000000000        0x8 px4flow.cpp.o

.group          0x0000000000000000        0x8
 .group         0x0000000000000000        0x8 px4flow.cpp.o

.group          0x0000000000000000        0x8
 .group         0x0000000000000000        0x8 px4flow.cpp.o

.group          0x0000000000000000        0x8
 .group         0x0000000000000000        0x8 px4flow.cpp.o

.group          0x0000000000000000        0x8
 .group         0x0000000000000000        0x8 px4flow.cpp.o

.group          0x0000000000000000        0x8
 .group         0x0000000000000000        0x8 px4flow.cpp.o

.group          0x0000000000000000        0x8
 .group         0x0000000000000000        0x8 px4flow.cpp.o

.group          0x0000000000000000        0x8
 .group         0x0000000000000000        0x8 px4flow.cpp.o

.group          0x0000000000000000        0x8
 .group         0x0000000000000000        0x8 px4flow.cpp.o

.group          0x0000000000000000        0x8
 .group         0x0000000000000000        0x8 px4flow.cpp.o

.group          0x0000000000000000        0x8
 .group         0x0000000000000000        0x8 px4flow.cpp.o

.group          0x0000000000000000        0x8
 .group         0x0000000000000000        0x8 px4flow.cpp.o

.group          0x0000000000000000        0x8
 .group         0x0000000000000000        0x8 px4flow.cpp.o

.group          0x0000000000000000        0x8
 .group         0x0000000000000000        0x8 px4flow.cpp.o

.group          0x0000000000000000        0x8
 .group         0x0000000000000000        0x8 px4flow.cpp.o

.group          0x0000000000000000        0x8
 .group         0x0000000000000000        0x8 px4flow.cpp.o

.group          0x0000000000000000        0x8
 .group         0x0000000000000000        0x8 px4flow.cpp.o

.group          0x0000000000000000        0x8
 .group         0x0000000000000000        0x8 px4flow.cpp.o

.group          0x0000000000000000        0x8
 .group         0x0000000000000000        0x8 px4flow.cpp.o

.group          0x0000000000000000        0x8
 .group         0x0000000000000000        0x8 px4flow.cpp.o

.group          0x0000000000000000        0x8
 .group         0x0000000000000000        0x8 px4flow.cpp.o

.group          0x0000000000000000        0x8
 .group         0x0000000000000000        0x8 px4flow.cpp.o

.group          0x0000000000000000        0x8
 .group         0x0000000000000000        0x8 px4flow.cpp.o

.group          0x0000000000000000        0x8
 .group         0x0000000000000000        0x8 px4flow.cpp.o

.group          0x0000000000000000        0x8
 .group         0x0000000000000000        0x8 px4flow.cpp.o

.group          0x0000000000000000        0x8
 .group         0x0000000000000000        0x8 px4flow.cpp.o

.group          0x0000000000000000        0x8
 .group         0x0000000000000000        0x8 px4flow.cpp.o

.group          0x0000000000000000        0x8
 .group         0x0000000000000000        0x8 px4flow.cpp.o

.group          0x0000000000000000        0x8
 .group         0x0000000000000000        0x8 px4flow.cpp.o

.group          0x0000000000000000        0x8
 .group         0x0000000000000000        0x8 px4flow.cpp.o

.group          0x0000000000000000        0x8
 .group         0x0000000000000000        0x8 px4flow.cpp.o

.group          0x0000000000000000        0x8
 .group         0x0000000000000000        0x8 px4flow.cpp.o

.group          0x0000000000000000        0x8
 .group         0x0000000000000000        0x8 px4flow.cpp.o

.group          0x0000000000000000        0x8
 .group         0x0000000000000000        0x8 px4flow.cpp.o

.group          0x0000000000000000        0x8
 .group         0x0000000000000000        0x8 px4flow.cpp.o

.group          0x0000000000000000        0x8
 .group         0x0000000000000000        0x8 px4flow.cpp.o

.group          0x0000000000000000        0x8
 .group         0x0000000000000000        0x8 px4flow.cpp.o

.group          0x0000000000000000        0x8
 .group         0x0000000000000000        0x8 px4flow.cpp.o

.group          0x0000000000000000        0x8
 .group         0x0000000000000000        0x8 px4flow.cpp.o

.group          0x0000000000000000        0x8
 .group         0x0000000000000000        0x8 px4flow.cpp.o

.group          0x0000000000000000        0x8
 .group         0x0000000000000000        0x8 px4flow.cpp.o

.group          0x0000000000000000        0x8
 .group         0x0000000000000000        0x8 px4flow.cpp.o

.group          0x0000000000000000        0x8
 .group         0x0000000000000000        0x8 px4flow.cpp.o

.group          0x0000000000000000        0x8
 .group         0x0000000000000000        0x8 px4flow.cpp.o

.group          0x0000000000000000        0x8
 .group         0x0000000000000000        0x8 px4flow.cpp.o

.group          0x0000000000000000        0x8
 .group         0x0000000000000000        0x8 px4flow.cpp.o

.group          0x0000000000000000        0x8
 .group         0x0000000000000000        0x8 px4flow.cpp.o

.group          0x0000000000000000        0x8
 .group         0x0000000000000000        0x8 px4flow.cpp.o

.group          0x0000000000000000        0x8
 .group         0x0000000000000000        0x8 px4flow.cpp.o

.group          0x0000000000000000        0x8
 .group         0x0000000000000000        0x8 px4flow.cpp.o

.group          0x0000000000000000        0x8
 .group         0x0000000000000000        0x8 px4flow.cpp.o

.group          0x0000000000000000        0x8
 .group         0x0000000000000000        0x8 px4flow.cpp.o

.group          0x0000000000000000        0x8
 .group         0x0000000000000000        0x8 px4flow.cpp.o

.group          0x0000000000000000        0x8
 .group         0x0000000000000000        0x8 px4flow.cpp.o

.group          0x0000000000000000        0x8
 .group         0x0000000000000000        0x8 px4flow.cpp.o

.debug
 *(.debug)

.line
 *(.line)

.debug_srcinfo
 *(.debug_srcinfo)

.debug_sfnames
 *(.debug_sfnames)

.debug_aranges  0x0000000000000000      0x220
 *(.debug_aranges)
 .debug_aranges
                0x0000000000000000      0x220 px4flow.cpp.o

.debug_pubnames
 *(.debug_pubnames)

.debug_info     0x0000000000000000     0x95e5
 *(.debug_info)
 .debug_info    0x0000000000000000     0x95e5 px4flow.cpp.o

.debug_abbrev   0x0000000000000000      0x968
 *(.debug_abbrev)
 .debug_abbrev  0x0000000000000000      0x968 px4flow.cpp.o

.debug_line     0x0000000000000000     0x232c
 *(.debug_line)
 .debug_line    0x0000000000000000     0x232c px4flow.cpp.o

.debug_frame    0x0000000000000000      0x650
 *(.debug_frame)
 .debug_frame   0x0000000000000000      0x650 px4flow.cpp.o

.debug_str      0x0000000000000000    0x4ec7b
 *(.debug_str)
 .debug_str     0x0000000000000000    0x4ec7b px4flow.cpp.o

.debug_loc      0x0000000000000000     0x1710
 *(.debug_loc)
 .debug_loc     0x0000000000000000     0x1710 px4flow.cpp.o

.debug_macinfo
 *(.debug_macinfo)

.debug_weaknames
 *(.debug_weaknames)

.debug_funcnames
 *(.debug_funcnames)

.debug_typenames
 *(.debug_typenames)

.debug_varnames
 *(.debug_varnames)

.debug_pubtypes
 *(.debug_pubtypes)

.debug_ranges   0x0000000000000000      0x308
 *(.debug_ranges)
 .debug_ranges  0x0000000000000000      0x308 px4flow.cpp.o

.debug_macro    0x0000000000000000      0x760
 *(.debug_macro)
 .debug_macro   0x0000000000000000      0x760 px4flow.cpp.o

.stack
 *(.stack)

.ARM.attributes
                0x0000000000000000       0x35
 *(.ARM.attributes)
 .ARM.attributes
                0x0000000000000000       0x35 px4flow.cpp.o
 *(.gnu.attributes)

.note.gnu.arm.ident
 *(.note.gnu.arm.ident)
OUTPUT(/Users/yndal/Desktop/WorkingDroneCode/Drone-old_global-param/PX4Firmware/Build/px4fmu-v2_APM.build//Users/yndal/Desktop/WorkingDroneCode/Drone-old_global-param/PX4Firmware/src/drivers/px4flow/module.pre.o elf32-littlearm)

.debug_macro    0x0000000000000000      0x8bc
 .debug_macro   0x0000000000000000      0x8bc px4flow.cpp.o

.debug_macro    0x0000000000000000       0x22
 .debug_macro   0x0000000000000000       0x22 px4flow.cpp.o

.debug_macro    0x0000000000000000      0x89f
 .debug_macro   0x0000000000000000      0x89f px4flow.cpp.o

.debug_macro    0x0000000000000000       0xc9
 .debug_macro   0x0000000000000000       0xc9 px4flow.cpp.o

.debug_macro    0x0000000000000000      0x6bb
 .debug_macro   0x0000000000000000      0x6bb px4flow.cpp.o

.debug_macro    0x0000000000000000       0x10
 .debug_macro   0x0000000000000000       0x10 px4flow.cpp.o

.debug_macro    0x0000000000000000       0x88
 .debug_macro   0x0000000000000000       0x88 px4flow.cpp.o

.debug_macro    0x0000000000000000      0x14e
 .debug_macro   0x0000000000000000      0x14e px4flow.cpp.o

.debug_macro    0x0000000000000000      0x125
 .debug_macro   0x0000000000000000      0x125 px4flow.cpp.o

.debug_macro    0x0000000000000000       0x5d
 .debug_macro   0x0000000000000000       0x5d px4flow.cpp.o

.debug_macro    0x0000000000000000       0x23
 .debug_macro   0x0000000000000000       0x23 px4flow.cpp.o

.debug_macro    0x0000000000000000       0x53
 .debug_macro   0x0000000000000000       0x53 px4flow.cpp.o

.debug_macro    0x0000000000000000       0x39
 .debug_macro   0x0000000000000000       0x39 px4flow.cpp.o

.debug_macro    0x0000000000000000       0x9c
 .debug_macro   0x0000000000000000       0x9c px4flow.cpp.o

.debug_macro    0x0000000000000000       0x5e
 .debug_macro   0x0000000000000000       0x5e px4flow.cpp.o

.debug_macro    0x0000000000000000       0x28
 .debug_macro   0x0000000000000000       0x28 px4flow.cpp.o

.debug_macro    0x0000000000000000      0x14d
 .debug_macro   0x0000000000000000      0x14d px4flow.cpp.o

.debug_macro    0x0000000000000000       0x58
 .debug_macro   0x0000000000000000       0x58 px4flow.cpp.o

.debug_macro    0x0000000000000000       0x4c
 .debug_macro   0x0000000000000000       0x4c px4flow.cpp.o

.debug_macro    0x0000000000000000       0x49
 .debug_macro   0x0000000000000000       0x49 px4flow.cpp.o

.debug_macro    0x0000000000000000      0x106
 .debug_macro   0x0000000000000000      0x106 px4flow.cpp.o

.debug_macro    0x0000000000000000       0x28
 .debug_macro   0x0000000000000000       0x28 px4flow.cpp.o

.debug_macro    0x0000000000000000       0xd1
 .debug_macro   0x0000000000000000       0xd1 px4flow.cpp.o

.debug_macro    0x0000000000000000       0x98
 .debug_macro   0x0000000000000000       0x98 px4flow.cpp.o

.debug_macro    0x0000000000000000       0x16
 .debug_macro   0x0000000000000000       0x16 px4flow.cpp.o

.debug_macro    0x0000000000000000       0x59
 .debug_macro   0x0000000000000000       0x59 px4flow.cpp.o

.debug_macro    0x0000000000000000      0x11b
 .debug_macro   0x0000000000000000      0x11b px4flow.cpp.o

.debug_macro    0x0000000000000000       0x46
 .debug_macro   0x0000000000000000       0x46 px4flow.cpp.o

.debug_macro    0x0000000000000000      0x27f
 .debug_macro   0x0000000000000000      0x27f px4flow.cpp.o

.debug_macro    0x0000000000000000       0x10
 .debug_macro   0x0000000000000000       0x10 px4flow.cpp.o

.debug_macro    0x0000000000000000      0x195
 .debug_macro   0x0000000000000000      0x195 px4flow.cpp.o

.debug_macro    0x0000000000000000       0x8a
 .debug_macro   0x0000000000000000       0x8a px4flow.cpp.o

.debug_macro    0x0000000000000000       0x10
 .debug_macro   0x0000000000000000       0x10 px4flow.cpp.o

.debug_macro    0x0000000000000000       0x10
 .debug_macro   0x0000000000000000       0x10 px4flow.cpp.o

.debug_macro    0x0000000000000000       0xb4
 .debug_macro   0x0000000000000000       0xb4 px4flow.cpp.o

.debug_macro    0x0000000000000000       0x41
 .debug_macro   0x0000000000000000       0x41 px4flow.cpp.o

.debug_macro    0x0000000000000000       0x4d
 .debug_macro   0x0000000000000000       0x4d px4flow.cpp.o

.debug_macro    0x0000000000000000       0x58
 .debug_macro   0x0000000000000000       0x58 px4flow.cpp.o

.debug_macro    0x0000000000000000       0x16
 .debug_macro   0x0000000000000000       0x16 px4flow.cpp.o

.debug_macro    0x0000000000000000       0x2e
 .debug_macro   0x0000000000000000       0x2e px4flow.cpp.o

.debug_macro    0x0000000000000000       0xa3
 .debug_macro   0x0000000000000000       0xa3 px4flow.cpp.o

.debug_macro    0x0000000000000000      0x281
 .debug_macro   0x0000000000000000      0x281 px4flow.cpp.o

.debug_macro    0x0000000000000000       0x16
 .debug_macro   0x0000000000000000       0x16 px4flow.cpp.o

.debug_macro    0x0000000000000000       0x19
 .debug_macro   0x0000000000000000       0x19 px4flow.cpp.o

.debug_macro    0x0000000000000000       0x4d
 .debug_macro   0x0000000000000000       0x4d px4flow.cpp.o

.debug_macro    0x0000000000000000       0xc1
 .debug_macro   0x0000000000000000       0xc1 px4flow.cpp.o

.debug_macro    0x0000000000000000       0x16
 .debug_macro   0x0000000000000000       0x16 px4flow.cpp.o

.debug_macro    0x0000000000000000       0x29
 .debug_macro   0x0000000000000000       0x29 px4flow.cpp.o

.debug_macro    0x0000000000000000       0x2b
 .debug_macro   0x0000000000000000       0x2b px4flow.cpp.o

.debug_macro    0x0000000000000000      0x167
 .debug_macro   0x0000000000000000      0x167 px4flow.cpp.o

.debug_macro    0x0000000000000000       0x30
 .debug_macro   0x0000000000000000       0x30 px4flow.cpp.o

.debug_macro    0x0000000000000000       0x20
 .debug_macro   0x0000000000000000       0x20 px4flow.cpp.o

.debug_macro    0x0000000000000000       0x3b
 .debug_macro   0x0000000000000000       0x3b px4flow.cpp.o

.debug_macro    0x0000000000000000       0x2d
 .debug_macro   0x0000000000000000       0x2d px4flow.cpp.o

.debug_macro    0x0000000000000000       0x42
 .debug_macro   0x0000000000000000       0x42 px4flow.cpp.o

.debug_macro    0x0000000000000000       0xac
 .debug_macro   0x0000000000000000       0xac px4flow.cpp.o

.debug_macro    0x0000000000000000       0x18
 .debug_macro   0x0000000000000000       0x18 px4flow.cpp.o

.debug_macro    0x0000000000000000       0x9a
 .debug_macro   0x0000000000000000       0x9a px4flow.cpp.o

.debug_macro    0x0000000000000000      0x1cf
 .debug_macro   0x0000000000000000      0x1cf px4flow.cpp.o

.debug_macro    0x0000000000000000      0x16c
 .debug_macro   0x0000000000000000      0x16c px4flow.cpp.o

.debug_macro    0x0000000000000000       0x16
 .debug_macro   0x0000000000000000       0x16 px4flow.cpp.o

.debug_macro    0x0000000000000000       0x46
 .debug_macro   0x0000000000000000       0x46 px4flow.cpp.o

.debug_macro    0x0000000000000000       0x22
 .debug_macro   0x0000000000000000       0x22 px4flow.cpp.o

.debug_macro    0x0000000000000000       0x88
 .debug_macro   0x0000000000000000       0x88 px4flow.cpp.o

.debug_macro    0x0000000000000000       0x16
 .debug_macro   0x0000000000000000       0x16 px4flow.cpp.o

.debug_macro    0x0000000000000000       0x78
 .debug_macro   0x0000000000000000       0x78 px4flow.cpp.o

.debug_macro    0x0000000000000000       0x28
 .debug_macro   0x0000000000000000       0x28 px4flow.cpp.o

.debug_macro    0x0000000000000000      0x6cb
 .debug_macro   0x0000000000000000      0x6cb px4flow.cpp.o

.debug_macro    0x0000000000000000      0x20a
 .debug_macro   0x0000000000000000      0x20a px4flow.cpp.o

.debug_macro    0x0000000000000000      0xf6f
 .debug_macro   0x0000000000000000      0xf6f px4flow.cpp.o

.debug_macro    0x0000000000000000      0x2ab
 .debug_macro   0x0000000000000000      0x2ab px4flow.cpp.o

.debug_macro    0x0000000000000000      0x8b5
 .debug_macro   0x0000000000000000      0x8b5 px4flow.cpp.o

.debug_macro    0x0000000000000000       0x78
 .debug_macro   0x0000000000000000       0x78 px4flow.cpp.o

.debug_macro    0x0000000000000000      0x14e
 .debug_macro   0x0000000000000000      0x14e px4flow.cpp.o

.debug_macro    0x0000000000000000      0x7ca
 .debug_macro   0x0000000000000000      0x7ca px4flow.cpp.o

.debug_macro    0x0000000000000000       0xff
 .debug_macro   0x0000000000000000       0xff px4flow.cpp.o

.debug_macro    0x0000000000000000      0xae7
 .debug_macro   0x0000000000000000      0xae7 px4flow.cpp.o

.debug_macro    0x0000000000000000       0x51
 .debug_macro   0x0000000000000000       0x51 px4flow.cpp.o

.debug_macro    0x0000000000000000      0x11a
 .debug_macro   0x0000000000000000      0x11a px4flow.cpp.o

.debug_macro    0x0000000000000000       0x16
 .debug_macro   0x0000000000000000       0x16 px4flow.cpp.o

.debug_macro    0x0000000000000000       0x1d
 .debug_macro   0x0000000000000000       0x1d px4flow.cpp.o

.debug_macro    0x0000000000000000      0x206
 .debug_macro   0x0000000000000000      0x206 px4flow.cpp.o

.debug_macro    0x0000000000000000      0x56a
 .debug_macro   0x0000000000000000      0x56a px4flow.cpp.o

.debug_macro    0x0000000000000000      0x2bf
 .debug_macro   0x0000000000000000      0x2bf px4flow.cpp.o

.debug_macro    0x0000000000000000       0xd3
 .debug_macro   0x0000000000000000       0xd3 px4flow.cpp.o

.debug_macro    0x0000000000000000       0x16
 .debug_macro   0x0000000000000000       0x16 px4flow.cpp.o

.debug_macro    0x0000000000000000       0x34
 .debug_macro   0x0000000000000000       0x34 px4flow.cpp.o

.debug_macro    0x0000000000000000      0xab0
 .debug_macro   0x0000000000000000      0xab0 px4flow.cpp.o

.debug_macro    0x0000000000000000       0x17
 .debug_macro   0x0000000000000000       0x17 px4flow.cpp.o

.debug_macro    0x0000000000000000      0x6fa
 .debug_macro   0x0000000000000000      0x6fa px4flow.cpp.o

.debug_macro    0x0000000000000000       0x22
 .debug_macro   0x0000000000000000       0x22 px4flow.cpp.o

.debug_macro    0x0000000000000000      0x596
 .debug_macro   0x0000000000000000      0x596 px4flow.cpp.o

.debug_macro    0x0000000000000000       0x16
 .debug_macro   0x0000000000000000       0x16 px4flow.cpp.o

.debug_macro    0x0000000000000000      0x29b
 .debug_macro   0x0000000000000000      0x29b px4flow.cpp.o

.debug_macro    0x0000000000000000       0x16
 .debug_macro   0x0000000000000000       0x16 px4flow.cpp.o

.debug_macro    0x0000000000000000     0x15a4
 .debug_macro   0x0000000000000000     0x15a4 px4flow.cpp.o

.debug_macro    0x0000000000000000       0x53
 .debug_macro   0x0000000000000000       0x53 px4flow.cpp.o

.debug_macro    0x0000000000000000      0x347
 .debug_macro   0x0000000000000000      0x347 px4flow.cpp.o

.debug_macro    0x0000000000000000       0x96
 .debug_macro   0x0000000000000000       0x96 px4flow.cpp.o

.debug_macro    0x0000000000000000       0x1c
 .debug_macro   0x0000000000000000       0x1c px4flow.cpp.o

.debug_macro    0x0000000000000000      0x413
 .debug_macro   0x0000000000000000      0x413 px4flow.cpp.o

.debug_macro    0x0000000000000000       0x5f
 .debug_macro   0x0000000000000000       0x5f px4flow.cpp.o

.debug_macro    0x0000000000000000       0x1d
 .debug_macro   0x0000000000000000       0x1d px4flow.cpp.o

.debug_macro    0x0000000000000000       0xdf
 .debug_macro   0x0000000000000000       0xdf px4flow.cpp.o

.debug_macro    0x0000000000000000       0x16
 .debug_macro   0x0000000000000000       0x16 px4flow.cpp.o

.debug_macro    0x0000000000000000      0x13f
 .debug_macro   0x0000000000000000      0x13f px4flow.cpp.o

.debug_macro    0x0000000000000000       0x16
 .debug_macro   0x0000000000000000       0x16 px4flow.cpp.o

.debug_macro    0x0000000000000000       0x1c
 .debug_macro   0x0000000000000000       0x1c px4flow.cpp.o

.debug_macro    0x0000000000000000      0xdb4
 .debug_macro   0x0000000000000000      0xdb4 px4flow.cpp.o

.debug_macro    0x0000000000000000       0x16
 .debug_macro   0x0000000000000000       0x16 px4flow.cpp.o

.debug_macro    0x0000000000000000      0x21b
 .debug_macro   0x0000000000000000      0x21b px4flow.cpp.o

.debug_macro    0x0000000000000000      0x24d
 .debug_macro   0x0000000000000000      0x24d px4flow.cpp.o

.debug_macro    0x0000000000000000       0x16
 .debug_macro   0x0000000000000000       0x16 px4flow.cpp.o
