
Memory Configuration

Name             Origin             Length             Attributes
*default*        0x0000000000000000 0xffffffffffffffff

Linker script and memory map

LOAD trone.cpp.o

.interp
 *(.interp)

.note.gnu.build-id
 *(.note.gnu.build-id)

.hash
 *(.hash)

.gnu.hash
 *(.gnu.hash)

.dynsym
 *(.dynsym)

.dynstr
 *(.dynstr)

.gnu.version
 *(.gnu.version)

.gnu.version_d
 *(.gnu.version_d)

.gnu.version_r
 *(.gnu.version_r)

.rel.init
 *(.rel.init)

.rela.init
 *(.rela.init)

.rel.text
 *(.rel.text)

.rela.text
 *(.rela.text)

.rel.fini
 *(.rel.fini)

.rela.fini
 *(.rela.fini)

.rel.rodata
 *(.rel.rodata)

.rela.rodata
 *(.rela.rodata)

.rel.data.rel.ro
 *(.rel.data.rel.ro)

.rela.data.rel.ro
 *(.rela.data.rel.ro)

.rel.data
 *(.rel.data)

.rela.data
 *(.rela.data)

.rel.tdata
 *(.rel.tdata)

.rela.tdata
 *(.rela.tdata)

.rel.tbss
 *(.rel.tbss)

.rela.tbss
 *(.rela.tbss)

.rel.ctors
 *(.rel.ctors)

.rela.ctors
 *(.rela.ctors)

.rel.dtors
 *(.rel.dtors)

.rela.dtors
 *(.rela.dtors)

.rel.got
 *(.rel.got)

.rela.got
 *(.rela.got)

.rel.bss
 *(.rel.bss)

.rela.bss
 *(.rela.bss)

.rel.iplt
 *(.rel.iplt)

.rela.iplt
 *(.rela.iplt)

.rel.plt
 *(.rel.plt)

.rela.plt
 *(.rela.plt)

.init
 *(SORT(.init))

.plt
 *(.plt)

.iplt
 *(.iplt)

.text           0x0000000000000000        0x0
 *(.text .stub)
 .text          0x0000000000000000        0x0 trone.cpp.o
 *(.gnu.warning)

.text._ZN10RingBufferD2Ev
                0x0000000000000000       0x18
 .text._ZN10RingBufferD2Ev
                0x0000000000000000       0x18 trone.cpp.o
                0x0000000000000000                RingBuffer::~RingBuffer()
                0x0000000000000000                RingBuffer::~RingBuffer()

.text._ZN10RingBufferD0Ev
                0x0000000000000000       0x12
 .text._ZN10RingBufferD0Ev
                0x0000000000000000       0x12 trone.cpp.o
                0x0000000000000000                RingBuffer::~RingBuffer()

.text._ZN10RingBufferC2Ejj
                0x0000000000000000       0x24
 .text._ZN10RingBufferC2Ejj
                0x0000000000000000       0x24 trone.cpp.o
                0x0000000000000000                RingBuffer::RingBuffer(unsigned int, unsigned int)
                0x0000000000000000                RingBuffer::RingBuffer(unsigned int, unsigned int)

.text._ZN10RingBuffer5_nextEj
                0x0000000000000000        0xa
 .text._ZN10RingBuffer5_nextEj
                0x0000000000000000        0xa trone.cpp.o
                0x0000000000000000                RingBuffer::_next(unsigned int)

.text._ZN10RingBuffer5emptyEv
                0x0000000000000000        0xc
 .text._ZN10RingBuffer5emptyEv
                0x0000000000000000        0xc trone.cpp.o
                0x0000000000000000                RingBuffer::empty()

.text._ZN10RingBuffer4fullEv
                0x0000000000000000       0x14
 .text._ZN10RingBuffer4fullEv
                0x0000000000000000       0x14 trone.cpp.o
                0x0000000000000000                RingBuffer::full()

.text._ZN10RingBuffer4sizeEv
                0x0000000000000000        0xc
 .text._ZN10RingBuffer4sizeEv
                0x0000000000000000        0xc trone.cpp.o
                0x0000000000000000                RingBuffer::size()

.text._ZN10RingBuffer3putEPKvj
                0x0000000000000000       0x34
 .text._ZN10RingBuffer3putEPKvj
                0x0000000000000000       0x34 trone.cpp.o
                0x0000000000000000                RingBuffer::put(void const*, unsigned int)

.text._ZN10RingBuffer3putEa
                0x0000000000000000       0x16
 .text._ZN10RingBuffer3putEa
                0x0000000000000000       0x16 trone.cpp.o
                0x0000000000000000                RingBuffer::put(signed char)

.text._ZN10RingBuffer3putEh
                0x0000000000000000       0x16
 .text._ZN10RingBuffer3putEh
                0x0000000000000000       0x16 trone.cpp.o
                0x0000000000000000                RingBuffer::put(unsigned char)

.text._ZN10RingBuffer3putEs
                0x0000000000000000       0x16
 .text._ZN10RingBuffer3putEs
                0x0000000000000000       0x16 trone.cpp.o
                0x0000000000000000                RingBuffer::put(short)

.text._ZN10RingBuffer3putEt
                0x0000000000000000       0x16
 .text._ZN10RingBuffer3putEt
                0x0000000000000000       0x16 trone.cpp.o
                0x0000000000000000                RingBuffer::put(unsigned short)

.text._ZN10RingBuffer3putEi
                0x0000000000000000       0x16
 .text._ZN10RingBuffer3putEi
                0x0000000000000000       0x16 trone.cpp.o
                0x0000000000000000                RingBuffer::put(int)

.text._ZN10RingBuffer3putEj
                0x0000000000000000       0x16
 .text._ZN10RingBuffer3putEj
                0x0000000000000000       0x16 trone.cpp.o
                0x0000000000000000                RingBuffer::put(unsigned int)

.text._ZN10RingBuffer3putEx
                0x0000000000000000       0x16
 .text._ZN10RingBuffer3putEx
                0x0000000000000000       0x16 trone.cpp.o
                0x0000000000000000                RingBuffer::put(long long)

.text._ZN10RingBuffer3putEy
                0x0000000000000000       0x16
 .text._ZN10RingBuffer3putEy
                0x0000000000000000       0x16 trone.cpp.o
                0x0000000000000000                RingBuffer::put(unsigned long long)

.text._ZN10RingBuffer3putEf
                0x0000000000000000       0x14
 .text._ZN10RingBuffer3putEf
                0x0000000000000000       0x14 trone.cpp.o
                0x0000000000000000                RingBuffer::put(float)

.text._ZN10RingBuffer3putEd
                0x0000000000000000       0x16
 .text._ZN10RingBuffer3putEd
                0x0000000000000000       0x16 trone.cpp.o
                0x0000000000000000                RingBuffer::put(double)

.text._ZN10RingBuffer3getEPvj
                0x0000000000000000       0x62
 .text._ZN10RingBuffer3getEPvj
                0x0000000000000000       0x62 trone.cpp.o
                0x0000000000000000                RingBuffer::get(void*, unsigned int)

.text._ZN10RingBuffer5flushEv
                0x0000000000000000       0x1a
 .text._ZN10RingBuffer5flushEv
                0x0000000000000000       0x1a trone.cpp.o
                0x0000000000000000                RingBuffer::flush()

.text._ZN10RingBuffer5forceEPKvj
                0x0000000000000000       0x28
 .text._ZN10RingBuffer5forceEPKvj
                0x0000000000000000       0x28 trone.cpp.o
                0x0000000000000000                RingBuffer::force(void const*, unsigned int)

.text._ZN10RingBuffer5forceEa
                0x0000000000000000       0x16
 .text._ZN10RingBuffer5forceEa
                0x0000000000000000       0x16 trone.cpp.o
                0x0000000000000000                RingBuffer::force(signed char)

.text._ZN10RingBuffer5forceEh
                0x0000000000000000       0x16
 .text._ZN10RingBuffer5forceEh
                0x0000000000000000       0x16 trone.cpp.o
                0x0000000000000000                RingBuffer::force(unsigned char)

.text._ZN10RingBuffer5forceEs
                0x0000000000000000       0x16
 .text._ZN10RingBuffer5forceEs
                0x0000000000000000       0x16 trone.cpp.o
                0x0000000000000000                RingBuffer::force(short)

.text._ZN10RingBuffer5forceEt
                0x0000000000000000       0x16
 .text._ZN10RingBuffer5forceEt
                0x0000000000000000       0x16 trone.cpp.o
                0x0000000000000000                RingBuffer::force(unsigned short)

.text._ZN10RingBuffer5forceEi
                0x0000000000000000       0x16
 .text._ZN10RingBuffer5forceEi
                0x0000000000000000       0x16 trone.cpp.o
                0x0000000000000000                RingBuffer::force(int)

.text._ZN10RingBuffer5forceEj
                0x0000000000000000       0x16
 .text._ZN10RingBuffer5forceEj
                0x0000000000000000       0x16 trone.cpp.o
                0x0000000000000000                RingBuffer::force(unsigned int)

.text._ZN10RingBuffer5forceEx
                0x0000000000000000       0x16
 .text._ZN10RingBuffer5forceEx
                0x0000000000000000       0x16 trone.cpp.o
                0x0000000000000000                RingBuffer::force(long long)

.text._ZN10RingBuffer5forceEy
                0x0000000000000000       0x16
 .text._ZN10RingBuffer5forceEy
                0x0000000000000000       0x16 trone.cpp.o
                0x0000000000000000                RingBuffer::force(unsigned long long)

.text._ZN10RingBuffer5forceEf
                0x0000000000000000       0x14
 .text._ZN10RingBuffer5forceEf
                0x0000000000000000       0x14 trone.cpp.o
                0x0000000000000000                RingBuffer::force(float)

.text._ZN10RingBuffer5forceEd
                0x0000000000000000       0x16
 .text._ZN10RingBuffer5forceEd
                0x0000000000000000       0x16 trone.cpp.o
                0x0000000000000000                RingBuffer::force(double)

.text._ZN10RingBuffer3getERa
                0x0000000000000000        0x6
 .text._ZN10RingBuffer3getERa
                0x0000000000000000        0x6 trone.cpp.o
                0x0000000000000000                RingBuffer::get(signed char&)

.text._ZN10RingBuffer3getERh
                0x0000000000000000        0x6
 .text._ZN10RingBuffer3getERh
                0x0000000000000000        0x6 trone.cpp.o
                0x0000000000000000                RingBuffer::get(unsigned char&)

.text._ZN10RingBuffer3getERs
                0x0000000000000000        0x6
 .text._ZN10RingBuffer3getERs
                0x0000000000000000        0x6 trone.cpp.o
                0x0000000000000000                RingBuffer::get(short&)

.text._ZN10RingBuffer3getERt
                0x0000000000000000        0x6
 .text._ZN10RingBuffer3getERt
                0x0000000000000000        0x6 trone.cpp.o
                0x0000000000000000                RingBuffer::get(unsigned short&)

.text._ZN10RingBuffer3getERi
                0x0000000000000000        0x6
 .text._ZN10RingBuffer3getERi
                0x0000000000000000        0x6 trone.cpp.o
                0x0000000000000000                RingBuffer::get(int&)

.text._ZN10RingBuffer3getERj
                0x0000000000000000        0x6
 .text._ZN10RingBuffer3getERj
                0x0000000000000000        0x6 trone.cpp.o
                0x0000000000000000                RingBuffer::get(unsigned int&)

.text._ZN10RingBuffer3getERx
                0x0000000000000000        0x6
 .text._ZN10RingBuffer3getERx
                0x0000000000000000        0x6 trone.cpp.o
                0x0000000000000000                RingBuffer::get(long long&)

.text._ZN10RingBuffer3getERy
                0x0000000000000000        0x6
 .text._ZN10RingBuffer3getERy
                0x0000000000000000        0x6 trone.cpp.o
                0x0000000000000000                RingBuffer::get(unsigned long long&)

.text._ZN10RingBuffer3getERf
                0x0000000000000000        0x6
 .text._ZN10RingBuffer3getERf
                0x0000000000000000        0x6 trone.cpp.o
                0x0000000000000000                RingBuffer::get(float&)

.text._ZN10RingBuffer3getERd
                0x0000000000000000        0x6
 .text._ZN10RingBuffer3getERd
                0x0000000000000000        0x6 trone.cpp.o
                0x0000000000000000                RingBuffer::get(double&)

.text._ZN10RingBuffer5spaceEv
                0x0000000000000000       0x1a
 .text._ZN10RingBuffer5spaceEv
                0x0000000000000000       0x1a trone.cpp.o
                0x0000000000000000                RingBuffer::space()

.text._ZN10RingBuffer5countEv
                0x0000000000000000        0xc
 .text._ZN10RingBuffer5countEv
                0x0000000000000000        0xc trone.cpp.o
                0x0000000000000000                RingBuffer::count()

.text._ZN10RingBuffer6resizeEj
                0x0000000000000000       0x28
 .text._ZN10RingBuffer6resizeEj
                0x0000000000000000       0x28 trone.cpp.o
                0x0000000000000000                RingBuffer::resize(unsigned int)

.text._ZN10RingBuffer10print_infoEPKc
                0x0000000000000000       0x24
 .text._ZN10RingBuffer10print_infoEPKc
                0x0000000000000000       0x24 trone.cpp.o
                0x0000000000000000                RingBuffer::print_info(char const*)

.text._ZN5TRONEC2Eii
                0x0000000000000000       0xa4
 .text._ZN5TRONEC2Eii
                0x0000000000000000       0xa4 trone.cpp.o
                0x0000000000000000                TRONE::TRONE(int, int)
                0x0000000000000000                TRONE::TRONE(int, int)

.text._ZN5TRONE20set_minimum_distanceEf
                0x0000000000000000        0x6
 .text._ZN5TRONE20set_minimum_distanceEf
                0x0000000000000000        0x6 trone.cpp.o
                0x0000000000000000                TRONE::set_minimum_distance(float)

.text._ZN5TRONE20set_maximum_distanceEf
                0x0000000000000000        0x6
 .text._ZN5TRONE20set_maximum_distanceEf
                0x0000000000000000        0x6 trone.cpp.o
                0x0000000000000000                TRONE::set_maximum_distance(float)

.text._ZN5TRONE20get_minimum_distanceEv
                0x0000000000000000        0x6
 .text._ZN5TRONE20get_minimum_distanceEv
                0x0000000000000000        0x6 trone.cpp.o
                0x0000000000000000                TRONE::get_minimum_distance()

.text._ZN5TRONE20get_maximum_distanceEv
                0x0000000000000000        0x6
 .text._ZN5TRONE20get_maximum_distanceEv
                0x0000000000000000        0x6 trone.cpp.o
                0x0000000000000000                TRONE::get_maximum_distance()

.text._ZN5TRONE7measureEv
                0x0000000000000000       0x38
 .text._ZN5TRONE7measureEv
                0x0000000000000000       0x38 trone.cpp.o
                0x0000000000000000                TRONE::measure()

.text._ZN5TRONE5probeEv
                0x0000000000000000       0x44
 .text._ZN5TRONE5probeEv
                0x0000000000000000       0x44 trone.cpp.o
                0x0000000000000000                TRONE::probe()

.text._ZN5TRONE7collectEv
                0x0000000000000000      0x11c
 .text._ZN5TRONE7collectEv
                0x0000000000000000      0x11c trone.cpp.o
                0x0000000000000000                TRONE::collect()

.text._ZN5TRONE4readEP4filePcj
                0x0000000000000000       0x80
 .text._ZN5TRONE4readEP4filePcj
                0x0000000000000000       0x80 trone.cpp.o
                0x0000000000000000                TRONE::read(file*, char*, unsigned int)

.text._ZN5TRONE5startEv
                0x0000000000000000       0x60
 .text._ZN5TRONE5startEv
                0x0000000000000000       0x60 trone.cpp.o
                0x0000000000000000                TRONE::start()

.text._ZN5TRONE4stopEv
                0x0000000000000000        0xa
 .text._ZN5TRONE4stopEv
                0x0000000000000000        0xa trone.cpp.o
                0x0000000000000000                TRONE::stop()

.text._ZN5TRONED2Ev
                0x0000000000000000       0x54
 .text._ZN5TRONED2Ev
                0x0000000000000000       0x54 trone.cpp.o
                0x0000000000000000                TRONE::~TRONE()
                0x0000000000000000                TRONE::~TRONE()

.text._ZN5TRONED0Ev
                0x0000000000000000       0x12
 .text._ZN5TRONED0Ev
                0x0000000000000000       0x12 trone.cpp.o
                0x0000000000000000                TRONE::~TRONE()

.text._ZN5TRONE5cycleEv
                0x0000000000000000       0x70
 .text._ZN5TRONE5cycleEv
                0x0000000000000000       0x70 trone.cpp.o
                0x0000000000000000                TRONE::cycle()

.text._ZN5TRONE16cycle_trampolineEPv
                0x0000000000000000        0x4
 .text._ZN5TRONE16cycle_trampolineEPv
                0x0000000000000000        0x4 trone.cpp.o
                0x0000000000000000                TRONE::cycle_trampoline(void*)

.text._ZN5TRONE10print_infoEv
                0x0000000000000000       0x3c
 .text._ZN5TRONE10print_infoEv
                0x0000000000000000       0x3c trone.cpp.o
                0x0000000000000000                TRONE::print_info()

.text._ZN5trone5startEv
                0x0000000000000000       0x7c
 .text._ZN5trone5startEv
                0x0000000000000000       0x7c trone.cpp.o
                0x0000000000000000                trone::start()

.text._ZN5trone4stopEv
                0x0000000000000000       0x28
 .text._ZN5trone4stopEv
                0x0000000000000000       0x28 trone.cpp.o
                0x0000000000000000                trone::stop()

.text._ZN5trone4testEv
                0x0000000000000000      0x120
 .text._ZN5trone4testEv
                0x0000000000000000      0x120 trone.cpp.o
                0x0000000000000000                trone::test()

.text._ZN5trone5resetEv
                0x0000000000000000       0x5c
 .text._ZN5trone5resetEv
                0x0000000000000000       0x5c trone.cpp.o
                0x0000000000000000                trone::reset()

.text._ZN5trone4infoEv
                0x0000000000000000       0x30
 .text._ZN5trone4infoEv
                0x0000000000000000       0x30 trone.cpp.o
                0x0000000000000000                trone::info()

.text.trone_main
                0x0000000000000000       0x78
 .text.trone_main
                0x0000000000000000       0x78 trone.cpp.o
                0x0000000000000000                trone_main

.text._ZN5TRONE4initEv
                0x0000000000000000       0x80
 .text._ZN5TRONE4initEv
                0x0000000000000000       0x80 trone.cpp.o
                0x0000000000000000                TRONE::init()

.text._ZN5TRONE5ioctlEP4fileim
                0x0000000000000000      0x114
 .text._ZN5TRONE5ioctlEP4fileim
                0x0000000000000000      0x114 trone.cpp.o
                0x0000000000000000                TRONE::ioctl(file*, int, unsigned long)

.fini
 *(SORT(.fini))

.rodata         0x0000000000000000        0x8
 *(.rodata)
 .rodata        0x0000000000000000        0x8 trone.cpp.o

.rodata._ZL9crc_table
                0x0000000000000000      0x100
 .rodata._ZL9crc_table
                0x0000000000000000      0x100 trone.cpp.o

.rodata._ZTV5TRONE
                0x0000000000000000       0x60
 .rodata._ZTV5TRONE
                0x0000000000000000       0x60 trone.cpp.o
                0x0000000000000000                vtable for TRONE

.rodata.str1.1  0x0000000000000000      0x364
 .rodata.str1.1
                0x0000000000000000      0x364 trone.cpp.o

.rodata._ZTV10RingBuffer
                0x0000000000000000       0x10
 .rodata._ZTV10RingBuffer
                0x0000000000000000       0x10 trone.cpp.o
                0x0000000000000000                vtable for RingBuffer

.rodata1
 *(.rodata1)

.ARM.extab
 *(.ARM.extab)

.ARM.exidx
 *(.ARM.exidx)

.eh_frame_hdr
 *(.eh_frame_hdr)

.eh_frame
 *(.eh_frame)

.gcc_except_table
 *(.gcc_except_table .gcc_except_table.*)

.exception_ranges
 *(.exception_ranges .exception_ranges*)

.eh_frame
 *(.eh_frame)

.gcc_except_table
 *(.gcc_except_table .gcc_except_table.*)

.exception_ranges
 *(.exception_ranges .exception_ranges*)

.tdata
 *(.tdata)

.tbss
 *(.tbss)

.preinit_array
 *(.preinit_array)

.jcr
 *(.jcr)

.dynamic
 *(.dynamic)

.got
 *(.got.plt)
 *(.igot.plt)
 *(.got)
 *(.igot)

.data           0x0000000000000000        0x0
 *(.data)
 .data          0x0000000000000000        0x0 trone.cpp.o

.data._ZZN5TRONE5startEvE3pub
                0x0000000000000000        0x4
 .data._ZZN5TRONE5startEvE3pub
                0x0000000000000000        0x4 trone.cpp.o

.data1
 *(.data1)

.bss            0x0000000000000000        0x0
 *(.dynbss)
 *(.bss)
 .bss           0x0000000000000000        0x0 trone.cpp.o
 *(COMMON)

.bss._ZN5trone5g_devE
                0x0000000000000000        0x4
 .bss._ZN5trone5g_devE
                0x0000000000000000        0x4 trone.cpp.o
                0x0000000000000000                trone::g_dev

.stab
 *(.stab)

.stabstr
 *(.stabstr)

.stab.excl
 *(.stab.excl)

.stab.exclstr
 *(.stab.exclstr)

.stab.index
 *(.stab.index)

.stab.indexstr
 *(.stab.indexstr)

.comment        0x0000000000000000       0x71
 *(.comment)
 .comment       0x0000000000000000       0x71 trone.cpp.o

.group          0x0000000000000000        0x8
 .group         0x0000000000000000        0x8 trone.cpp.o

.group          0x0000000000000000        0x8
 .group         0x0000000000000000        0x8 trone.cpp.o

.group          0x0000000000000000        0x8
 .group         0x0000000000000000        0x8 trone.cpp.o

.group          0x0000000000000000        0x8
 .group         0x0000000000000000        0x8 trone.cpp.o

.group          0x0000000000000000        0x8
 .group         0x0000000000000000        0x8 trone.cpp.o

.group          0x0000000000000000        0x8
 .group         0x0000000000000000        0x8 trone.cpp.o

.group          0x0000000000000000        0x8
 .group         0x0000000000000000        0x8 trone.cpp.o

.group          0x0000000000000000        0x8
 .group         0x0000000000000000        0x8 trone.cpp.o

.group          0x0000000000000000        0x8
 .group         0x0000000000000000        0x8 trone.cpp.o

.group          0x0000000000000000        0x8
 .group         0x0000000000000000        0x8 trone.cpp.o

.group          0x0000000000000000        0x8
 .group         0x0000000000000000        0x8 trone.cpp.o

.group          0x0000000000000000        0x8
 .group         0x0000000000000000        0x8 trone.cpp.o

.group          0x0000000000000000        0x8
 .group         0x0000000000000000        0x8 trone.cpp.o

.group          0x0000000000000000        0x8
 .group         0x0000000000000000        0x8 trone.cpp.o

.group          0x0000000000000000        0x8
 .group         0x0000000000000000        0x8 trone.cpp.o

.group          0x0000000000000000        0x8
 .group         0x0000000000000000        0x8 trone.cpp.o

.group          0x0000000000000000        0x8
 .group         0x0000000000000000        0x8 trone.cpp.o

.group          0x0000000000000000        0x8
 .group         0x0000000000000000        0x8 trone.cpp.o

.group          0x0000000000000000        0x8
 .group         0x0000000000000000        0x8 trone.cpp.o

.group          0x0000000000000000        0x8
 .group         0x0000000000000000        0x8 trone.cpp.o

.group          0x0000000000000000        0x8
 .group         0x0000000000000000        0x8 trone.cpp.o

.group          0x0000000000000000        0x8
 .group         0x0000000000000000        0x8 trone.cpp.o

.group          0x0000000000000000        0x8
 .group         0x0000000000000000        0x8 trone.cpp.o

.group          0x0000000000000000        0x8
 .group         0x0000000000000000        0x8 trone.cpp.o

.group          0x0000000000000000        0x8
 .group         0x0000000000000000        0x8 trone.cpp.o

.group          0x0000000000000000        0x8
 .group         0x0000000000000000        0x8 trone.cpp.o

.group          0x0000000000000000        0x8
 .group         0x0000000000000000        0x8 trone.cpp.o

.group          0x0000000000000000        0x8
 .group         0x0000000000000000        0x8 trone.cpp.o

.group          0x0000000000000000        0x8
 .group         0x0000000000000000        0x8 trone.cpp.o

.group          0x0000000000000000        0x8
 .group         0x0000000000000000        0x8 trone.cpp.o

.group          0x0000000000000000        0x8
 .group         0x0000000000000000        0x8 trone.cpp.o

.group          0x0000000000000000        0x8
 .group         0x0000000000000000        0x8 trone.cpp.o

.group          0x0000000000000000        0x8
 .group         0x0000000000000000        0x8 trone.cpp.o

.group          0x0000000000000000        0x8
 .group         0x0000000000000000        0x8 trone.cpp.o

.group          0x0000000000000000        0x8
 .group         0x0000000000000000        0x8 trone.cpp.o

.group          0x0000000000000000        0x8
 .group         0x0000000000000000        0x8 trone.cpp.o

.group          0x0000000000000000        0x8
 .group         0x0000000000000000        0x8 trone.cpp.o

.group          0x0000000000000000        0x8
 .group         0x0000000000000000        0x8 trone.cpp.o

.group          0x0000000000000000        0x8
 .group         0x0000000000000000        0x8 trone.cpp.o

.group          0x0000000000000000        0x8
 .group         0x0000000000000000        0x8 trone.cpp.o

.group          0x0000000000000000        0x8
 .group         0x0000000000000000        0x8 trone.cpp.o

.group          0x0000000000000000        0x8
 .group         0x0000000000000000        0x8 trone.cpp.o

.group          0x0000000000000000        0x8
 .group         0x0000000000000000        0x8 trone.cpp.o

.group          0x0000000000000000        0x8
 .group         0x0000000000000000        0x8 trone.cpp.o

.group          0x0000000000000000        0x8
 .group         0x0000000000000000        0x8 trone.cpp.o

.group          0x0000000000000000        0x8
 .group         0x0000000000000000        0x8 trone.cpp.o

.group          0x0000000000000000        0x8
 .group         0x0000000000000000        0x8 trone.cpp.o

.group          0x0000000000000000        0x8
 .group         0x0000000000000000        0x8 trone.cpp.o

.group          0x0000000000000000        0x8
 .group         0x0000000000000000        0x8 trone.cpp.o

.group          0x0000000000000000        0x8
 .group         0x0000000000000000        0x8 trone.cpp.o

.group          0x0000000000000000        0x8
 .group         0x0000000000000000        0x8 trone.cpp.o

.group          0x0000000000000000        0x8
 .group         0x0000000000000000        0x8 trone.cpp.o

.group          0x0000000000000000        0x8
 .group         0x0000000000000000        0x8 trone.cpp.o

.group          0x0000000000000000        0x8
 .group         0x0000000000000000        0x8 trone.cpp.o

.group          0x0000000000000000        0x8
 .group         0x0000000000000000        0x8 trone.cpp.o

.group          0x0000000000000000        0x8
 .group         0x0000000000000000        0x8 trone.cpp.o

.group          0x0000000000000000        0x8
 .group         0x0000000000000000        0x8 trone.cpp.o

.group          0x0000000000000000        0x8
 .group         0x0000000000000000        0x8 trone.cpp.o

.group          0x0000000000000000        0x8
 .group         0x0000000000000000        0x8 trone.cpp.o

.group          0x0000000000000000        0x8
 .group         0x0000000000000000        0x8 trone.cpp.o

.group          0x0000000000000000        0x8
 .group         0x0000000000000000        0x8 trone.cpp.o

.group          0x0000000000000000        0x8
 .group         0x0000000000000000        0x8 trone.cpp.o

.group          0x0000000000000000        0x8
 .group         0x0000000000000000        0x8 trone.cpp.o

.group          0x0000000000000000        0x8
 .group         0x0000000000000000        0x8 trone.cpp.o

.group          0x0000000000000000        0x8
 .group         0x0000000000000000        0x8 trone.cpp.o

.group          0x0000000000000000        0x8
 .group         0x0000000000000000        0x8 trone.cpp.o

.group          0x0000000000000000        0x8
 .group         0x0000000000000000        0x8 trone.cpp.o

.group          0x0000000000000000        0x8
 .group         0x0000000000000000        0x8 trone.cpp.o

.group          0x0000000000000000        0x8
 .group         0x0000000000000000        0x8 trone.cpp.o

.group          0x0000000000000000        0x8
 .group         0x0000000000000000        0x8 trone.cpp.o

.group          0x0000000000000000        0x8
 .group         0x0000000000000000        0x8 trone.cpp.o

.group          0x0000000000000000        0x8
 .group         0x0000000000000000        0x8 trone.cpp.o

.group          0x0000000000000000        0x8
 .group         0x0000000000000000        0x8 trone.cpp.o

.group          0x0000000000000000        0x8
 .group         0x0000000000000000        0x8 trone.cpp.o

.group          0x0000000000000000        0x8
 .group         0x0000000000000000        0x8 trone.cpp.o

.group          0x0000000000000000        0x8
 .group         0x0000000000000000        0x8 trone.cpp.o

.group          0x0000000000000000        0x8
 .group         0x0000000000000000        0x8 trone.cpp.o

.group          0x0000000000000000        0x8
 .group         0x0000000000000000        0x8 trone.cpp.o

.group          0x0000000000000000        0x8
 .group         0x0000000000000000        0x8 trone.cpp.o

.group          0x0000000000000000        0x8
 .group         0x0000000000000000        0x8 trone.cpp.o

.group          0x0000000000000000        0x8
 .group         0x0000000000000000        0x8 trone.cpp.o

.group          0x0000000000000000        0x8
 .group         0x0000000000000000        0x8 trone.cpp.o

.group          0x0000000000000000        0x8
 .group         0x0000000000000000        0x8 trone.cpp.o

.group          0x0000000000000000        0x8
 .group         0x0000000000000000        0x8 trone.cpp.o

.group          0x0000000000000000        0x8
 .group         0x0000000000000000        0x8 trone.cpp.o

.group          0x0000000000000000        0x8
 .group         0x0000000000000000        0x8 trone.cpp.o

.group          0x0000000000000000        0x8
 .group         0x0000000000000000        0x8 trone.cpp.o

.group          0x0000000000000000        0x8
 .group         0x0000000000000000        0x8 trone.cpp.o

.group          0x0000000000000000        0x8
 .group         0x0000000000000000        0x8 trone.cpp.o

.group          0x0000000000000000        0x8
 .group         0x0000000000000000        0x8 trone.cpp.o

.group          0x0000000000000000        0x8
 .group         0x0000000000000000        0x8 trone.cpp.o

.group          0x0000000000000000        0x8
 .group         0x0000000000000000        0x8 trone.cpp.o

.group          0x0000000000000000        0x8
 .group         0x0000000000000000        0x8 trone.cpp.o

.group          0x0000000000000000        0x8
 .group         0x0000000000000000        0x8 trone.cpp.o

.group          0x0000000000000000        0x8
 .group         0x0000000000000000        0x8 trone.cpp.o

.group          0x0000000000000000        0x8
 .group         0x0000000000000000        0x8 trone.cpp.o

.group          0x0000000000000000        0x8
 .group         0x0000000000000000        0x8 trone.cpp.o

.group          0x0000000000000000        0x8
 .group         0x0000000000000000        0x8 trone.cpp.o

.group          0x0000000000000000        0x8
 .group         0x0000000000000000        0x8 trone.cpp.o

.group          0x0000000000000000        0x8
 .group         0x0000000000000000        0x8 trone.cpp.o

.group          0x0000000000000000        0x8
 .group         0x0000000000000000        0x8 trone.cpp.o

.group          0x0000000000000000        0x8
 .group         0x0000000000000000        0x8 trone.cpp.o

.group          0x0000000000000000        0x8
 .group         0x0000000000000000        0x8 trone.cpp.o

.group          0x0000000000000000        0x8
 .group         0x0000000000000000        0x8 trone.cpp.o

.group          0x0000000000000000        0x8
 .group         0x0000000000000000        0x8 trone.cpp.o

.group          0x0000000000000000        0x8
 .group         0x0000000000000000        0x8 trone.cpp.o

.group          0x0000000000000000        0x8
 .group         0x0000000000000000        0x8 trone.cpp.o

.debug
 *(.debug)

.line
 *(.line)

.debug_srcinfo
 *(.debug_srcinfo)

.debug_sfnames
 *(.debug_sfnames)

.debug_aranges  0x0000000000000000      0x240
 *(.debug_aranges)
 .debug_aranges
                0x0000000000000000      0x240 trone.cpp.o

.debug_pubnames
 *(.debug_pubnames)

.debug_info     0x0000000000000000     0x7711
 *(.debug_info)
 .debug_info    0x0000000000000000     0x7711 trone.cpp.o

.debug_abbrev   0x0000000000000000      0x876
 *(.debug_abbrev)
 .debug_abbrev  0x0000000000000000      0x876 trone.cpp.o

.debug_line     0x0000000000000000     0x20ce
 *(.debug_line)
 .debug_line    0x0000000000000000     0x20ce trone.cpp.o

.debug_frame    0x0000000000000000      0x694
 *(.debug_frame)
 .debug_frame   0x0000000000000000      0x694 trone.cpp.o

.debug_str      0x0000000000000000    0x4c14b
 *(.debug_str)
 .debug_str     0x0000000000000000    0x4c14b trone.cpp.o

.debug_loc      0x0000000000000000     0x189d
 *(.debug_loc)
 .debug_loc     0x0000000000000000     0x189d trone.cpp.o

.debug_macinfo
 *(.debug_macinfo)

.debug_weaknames
 *(.debug_weaknames)

.debug_funcnames
 *(.debug_funcnames)

.debug_typenames
 *(.debug_typenames)

.debug_varnames
 *(.debug_varnames)

.debug_pubtypes
 *(.debug_pubtypes)

.debug_ranges   0x0000000000000000      0x360
 *(.debug_ranges)
 .debug_ranges  0x0000000000000000      0x360 trone.cpp.o

.debug_macro    0x0000000000000000      0x6e7
 *(.debug_macro)
 .debug_macro   0x0000000000000000      0x6e7 trone.cpp.o

.stack
 *(.stack)

.ARM.attributes
                0x0000000000000000       0x35
 *(.ARM.attributes)
 .ARM.attributes
                0x0000000000000000       0x35 trone.cpp.o
 *(.gnu.attributes)

.note.gnu.arm.ident
 *(.note.gnu.arm.ident)
OUTPUT(/Users/yndal/Desktop/WorkingDroneCode/Drone-old_global-param/PX4Firmware/Build/px4fmu-v2_APM.build//Users/yndal/Desktop/WorkingDroneCode/Drone-old_global-param/PX4Firmware/src/drivers/trone/module.pre.o elf32-littlearm)

.debug_macro    0x0000000000000000      0x8bc
 .debug_macro   0x0000000000000000      0x8bc trone.cpp.o

.debug_macro    0x0000000000000000       0x22
 .debug_macro   0x0000000000000000       0x22 trone.cpp.o

.debug_macro    0x0000000000000000      0x89f
 .debug_macro   0x0000000000000000      0x89f trone.cpp.o

.debug_macro    0x0000000000000000       0xc9
 .debug_macro   0x0000000000000000       0xc9 trone.cpp.o

.debug_macro    0x0000000000000000      0x6bb
 .debug_macro   0x0000000000000000      0x6bb trone.cpp.o

.debug_macro    0x0000000000000000       0x10
 .debug_macro   0x0000000000000000       0x10 trone.cpp.o

.debug_macro    0x0000000000000000       0x88
 .debug_macro   0x0000000000000000       0x88 trone.cpp.o

.debug_macro    0x0000000000000000      0x14e
 .debug_macro   0x0000000000000000      0x14e trone.cpp.o

.debug_macro    0x0000000000000000      0x125
 .debug_macro   0x0000000000000000      0x125 trone.cpp.o

.debug_macro    0x0000000000000000       0x5d
 .debug_macro   0x0000000000000000       0x5d trone.cpp.o

.debug_macro    0x0000000000000000       0x23
 .debug_macro   0x0000000000000000       0x23 trone.cpp.o

.debug_macro    0x0000000000000000       0x53
 .debug_macro   0x0000000000000000       0x53 trone.cpp.o

.debug_macro    0x0000000000000000       0x39
 .debug_macro   0x0000000000000000       0x39 trone.cpp.o

.debug_macro    0x0000000000000000       0x9c
 .debug_macro   0x0000000000000000       0x9c trone.cpp.o

.debug_macro    0x0000000000000000       0x5e
 .debug_macro   0x0000000000000000       0x5e trone.cpp.o

.debug_macro    0x0000000000000000       0x28
 .debug_macro   0x0000000000000000       0x28 trone.cpp.o

.debug_macro    0x0000000000000000      0x14d
 .debug_macro   0x0000000000000000      0x14d trone.cpp.o

.debug_macro    0x0000000000000000       0x58
 .debug_macro   0x0000000000000000       0x58 trone.cpp.o

.debug_macro    0x0000000000000000       0x4c
 .debug_macro   0x0000000000000000       0x4c trone.cpp.o

.debug_macro    0x0000000000000000       0x49
 .debug_macro   0x0000000000000000       0x49 trone.cpp.o

.debug_macro    0x0000000000000000      0x106
 .debug_macro   0x0000000000000000      0x106 trone.cpp.o

.debug_macro    0x0000000000000000       0x28
 .debug_macro   0x0000000000000000       0x28 trone.cpp.o

.debug_macro    0x0000000000000000       0xd1
 .debug_macro   0x0000000000000000       0xd1 trone.cpp.o

.debug_macro    0x0000000000000000       0x98
 .debug_macro   0x0000000000000000       0x98 trone.cpp.o

.debug_macro    0x0000000000000000       0x16
 .debug_macro   0x0000000000000000       0x16 trone.cpp.o

.debug_macro    0x0000000000000000       0x59
 .debug_macro   0x0000000000000000       0x59 trone.cpp.o

.debug_macro    0x0000000000000000      0x11b
 .debug_macro   0x0000000000000000      0x11b trone.cpp.o

.debug_macro    0x0000000000000000       0x46
 .debug_macro   0x0000000000000000       0x46 trone.cpp.o

.debug_macro    0x0000000000000000      0x27f
 .debug_macro   0x0000000000000000      0x27f trone.cpp.o

.debug_macro    0x0000000000000000       0x10
 .debug_macro   0x0000000000000000       0x10 trone.cpp.o

.debug_macro    0x0000000000000000      0x195
 .debug_macro   0x0000000000000000      0x195 trone.cpp.o

.debug_macro    0x0000000000000000       0x8a
 .debug_macro   0x0000000000000000       0x8a trone.cpp.o

.debug_macro    0x0000000000000000       0x10
 .debug_macro   0x0000000000000000       0x10 trone.cpp.o

.debug_macro    0x0000000000000000       0x10
 .debug_macro   0x0000000000000000       0x10 trone.cpp.o

.debug_macro    0x0000000000000000       0xb4
 .debug_macro   0x0000000000000000       0xb4 trone.cpp.o

.debug_macro    0x0000000000000000       0x41
 .debug_macro   0x0000000000000000       0x41 trone.cpp.o

.debug_macro    0x0000000000000000       0x4d
 .debug_macro   0x0000000000000000       0x4d trone.cpp.o

.debug_macro    0x0000000000000000       0x58
 .debug_macro   0x0000000000000000       0x58 trone.cpp.o

.debug_macro    0x0000000000000000       0x16
 .debug_macro   0x0000000000000000       0x16 trone.cpp.o

.debug_macro    0x0000000000000000       0x2e
 .debug_macro   0x0000000000000000       0x2e trone.cpp.o

.debug_macro    0x0000000000000000       0xa3
 .debug_macro   0x0000000000000000       0xa3 trone.cpp.o

.debug_macro    0x0000000000000000      0x281
 .debug_macro   0x0000000000000000      0x281 trone.cpp.o

.debug_macro    0x0000000000000000       0x16
 .debug_macro   0x0000000000000000       0x16 trone.cpp.o

.debug_macro    0x0000000000000000       0x19
 .debug_macro   0x0000000000000000       0x19 trone.cpp.o

.debug_macro    0x0000000000000000       0x4d
 .debug_macro   0x0000000000000000       0x4d trone.cpp.o

.debug_macro    0x0000000000000000       0xc1
 .debug_macro   0x0000000000000000       0xc1 trone.cpp.o

.debug_macro    0x0000000000000000       0x16
 .debug_macro   0x0000000000000000       0x16 trone.cpp.o

.debug_macro    0x0000000000000000       0x29
 .debug_macro   0x0000000000000000       0x29 trone.cpp.o

.debug_macro    0x0000000000000000       0x2b
 .debug_macro   0x0000000000000000       0x2b trone.cpp.o

.debug_macro    0x0000000000000000      0x167
 .debug_macro   0x0000000000000000      0x167 trone.cpp.o

.debug_macro    0x0000000000000000       0x30
 .debug_macro   0x0000000000000000       0x30 trone.cpp.o

.debug_macro    0x0000000000000000       0x18
 .debug_macro   0x0000000000000000       0x18 trone.cpp.o

.debug_macro    0x0000000000000000       0x9a
 .debug_macro   0x0000000000000000       0x9a trone.cpp.o

.debug_macro    0x0000000000000000      0x1cf
 .debug_macro   0x0000000000000000      0x1cf trone.cpp.o

.debug_macro    0x0000000000000000      0x16c
 .debug_macro   0x0000000000000000      0x16c trone.cpp.o

.debug_macro    0x0000000000000000       0x16
 .debug_macro   0x0000000000000000       0x16 trone.cpp.o

.debug_macro    0x0000000000000000       0x46
 .debug_macro   0x0000000000000000       0x46 trone.cpp.o

.debug_macro    0x0000000000000000       0x22
 .debug_macro   0x0000000000000000       0x22 trone.cpp.o

.debug_macro    0x0000000000000000       0x88
 .debug_macro   0x0000000000000000       0x88 trone.cpp.o

.debug_macro    0x0000000000000000       0x2e
 .debug_macro   0x0000000000000000       0x2e trone.cpp.o

.debug_macro    0x0000000000000000       0x78
 .debug_macro   0x0000000000000000       0x78 trone.cpp.o

.debug_macro    0x0000000000000000       0x28
 .debug_macro   0x0000000000000000       0x28 trone.cpp.o

.debug_macro    0x0000000000000000      0x6cb
 .debug_macro   0x0000000000000000      0x6cb trone.cpp.o

.debug_macro    0x0000000000000000      0x20a
 .debug_macro   0x0000000000000000      0x20a trone.cpp.o

.debug_macro    0x0000000000000000      0xf6f
 .debug_macro   0x0000000000000000      0xf6f trone.cpp.o

.debug_macro    0x0000000000000000      0x2ab
 .debug_macro   0x0000000000000000      0x2ab trone.cpp.o

.debug_macro    0x0000000000000000      0x8b5
 .debug_macro   0x0000000000000000      0x8b5 trone.cpp.o

.debug_macro    0x0000000000000000       0x78
 .debug_macro   0x0000000000000000       0x78 trone.cpp.o

.debug_macro    0x0000000000000000      0x14e
 .debug_macro   0x0000000000000000      0x14e trone.cpp.o

.debug_macro    0x0000000000000000      0x7ca
 .debug_macro   0x0000000000000000      0x7ca trone.cpp.o

.debug_macro    0x0000000000000000       0xff
 .debug_macro   0x0000000000000000       0xff trone.cpp.o

.debug_macro    0x0000000000000000      0xae7
 .debug_macro   0x0000000000000000      0xae7 trone.cpp.o

.debug_macro    0x0000000000000000       0x51
 .debug_macro   0x0000000000000000       0x51 trone.cpp.o

.debug_macro    0x0000000000000000      0x11a
 .debug_macro   0x0000000000000000      0x11a trone.cpp.o

.debug_macro    0x0000000000000000       0x16
 .debug_macro   0x0000000000000000       0x16 trone.cpp.o

.debug_macro    0x0000000000000000       0x1d
 .debug_macro   0x0000000000000000       0x1d trone.cpp.o

.debug_macro    0x0000000000000000      0x206
 .debug_macro   0x0000000000000000      0x206 trone.cpp.o

.debug_macro    0x0000000000000000      0x56a
 .debug_macro   0x0000000000000000      0x56a trone.cpp.o

.debug_macro    0x0000000000000000      0x2bf
 .debug_macro   0x0000000000000000      0x2bf trone.cpp.o

.debug_macro    0x0000000000000000       0xd3
 .debug_macro   0x0000000000000000       0xd3 trone.cpp.o

.debug_macro    0x0000000000000000       0x16
 .debug_macro   0x0000000000000000       0x16 trone.cpp.o

.debug_macro    0x0000000000000000       0x34
 .debug_macro   0x0000000000000000       0x34 trone.cpp.o

.debug_macro    0x0000000000000000      0xab0
 .debug_macro   0x0000000000000000      0xab0 trone.cpp.o

.debug_macro    0x0000000000000000       0x17
 .debug_macro   0x0000000000000000       0x17 trone.cpp.o

.debug_macro    0x0000000000000000      0x6fa
 .debug_macro   0x0000000000000000      0x6fa trone.cpp.o

.debug_macro    0x0000000000000000       0x22
 .debug_macro   0x0000000000000000       0x22 trone.cpp.o

.debug_macro    0x0000000000000000      0x596
 .debug_macro   0x0000000000000000      0x596 trone.cpp.o

.debug_macro    0x0000000000000000       0x16
 .debug_macro   0x0000000000000000       0x16 trone.cpp.o

.debug_macro    0x0000000000000000      0x29b
 .debug_macro   0x0000000000000000      0x29b trone.cpp.o

.debug_macro    0x0000000000000000       0x16
 .debug_macro   0x0000000000000000       0x16 trone.cpp.o

.debug_macro    0x0000000000000000     0x15a4
 .debug_macro   0x0000000000000000     0x15a4 trone.cpp.o

.debug_macro    0x0000000000000000       0x53
 .debug_macro   0x0000000000000000       0x53 trone.cpp.o

.debug_macro    0x0000000000000000      0x347
 .debug_macro   0x0000000000000000      0x347 trone.cpp.o

.debug_macro    0x0000000000000000       0x96
 .debug_macro   0x0000000000000000       0x96 trone.cpp.o

.debug_macro    0x0000000000000000       0x1c
 .debug_macro   0x0000000000000000       0x1c trone.cpp.o

.debug_macro    0x0000000000000000      0x413
 .debug_macro   0x0000000000000000      0x413 trone.cpp.o

.debug_macro    0x0000000000000000       0x5f
 .debug_macro   0x0000000000000000       0x5f trone.cpp.o

.debug_macro    0x0000000000000000       0x1d
 .debug_macro   0x0000000000000000       0x1d trone.cpp.o

.debug_macro    0x0000000000000000       0xdf
 .debug_macro   0x0000000000000000       0xdf trone.cpp.o

.debug_macro    0x0000000000000000       0x16
 .debug_macro   0x0000000000000000       0x16 trone.cpp.o

.debug_macro    0x0000000000000000      0x13f
 .debug_macro   0x0000000000000000      0x13f trone.cpp.o

.debug_macro    0x0000000000000000       0x16
 .debug_macro   0x0000000000000000       0x16 trone.cpp.o

.debug_macro    0x0000000000000000       0x1c
 .debug_macro   0x0000000000000000       0x1c trone.cpp.o

.debug_macro    0x0000000000000000      0xdb4
 .debug_macro   0x0000000000000000      0xdb4 trone.cpp.o

.debug_macro    0x0000000000000000       0x16
 .debug_macro   0x0000000000000000       0x16 trone.cpp.o

.debug_macro    0x0000000000000000      0x21b
 .debug_macro   0x0000000000000000      0x21b trone.cpp.o

.debug_macro    0x0000000000000000      0x24d
 .debug_macro   0x0000000000000000      0x24d trone.cpp.o
