
Memory Configuration

Name             Origin             Length             Attributes
*default*        0x0000000000000000 0xffffffffffffffff

Linker script and memory map

LOAD pwm.c.o

.interp
 *(.interp)

.note.gnu.build-id
 *(.note.gnu.build-id)

.hash
 *(.hash)

.gnu.hash
 *(.gnu.hash)

.dynsym
 *(.dynsym)

.dynstr
 *(.dynstr)

.gnu.version
 *(.gnu.version)

.gnu.version_d
 *(.gnu.version_d)

.gnu.version_r
 *(.gnu.version_r)

.rel.init
 *(.rel.init)

.rela.init
 *(.rela.init)

.rel.text
 *(.rel.text)

.rela.text
 *(.rela.text)

.rel.fini
 *(.rel.fini)

.rela.fini
 *(.rela.fini)

.rel.rodata
 *(.rel.rodata)

.rela.rodata
 *(.rela.rodata)

.rel.data.rel.ro
 *(.rel.data.rel.ro)

.rela.data.rel.ro
 *(.rela.data.rel.ro)

.rel.data
 *(.rel.data)

.rela.data
 *(.rela.data)

.rel.tdata
 *(.rel.tdata)

.rela.tdata
 *(.rela.tdata)

.rel.tbss
 *(.rel.tbss)

.rela.tbss
 *(.rela.tbss)

.rel.ctors
 *(.rel.ctors)

.rela.ctors
 *(.rela.ctors)

.rel.dtors
 *(.rel.dtors)

.rela.dtors
 *(.rela.dtors)

.rel.got
 *(.rel.got)

.rela.got
 *(.rela.got)

.rel.bss
 *(.rel.bss)

.rela.bss
 *(.rela.bss)

.rel.iplt
 *(.rel.iplt)

.rela.iplt
 *(.rela.iplt)

.rel.plt
 *(.rel.plt)

.rela.plt
 *(.rela.plt)

.init
 *(SORT(.init))

.plt
 *(.plt)

.iplt
 *(.iplt)

.text           0x0000000000000000        0x0
 *(.text .stub)
 .text          0x0000000000000000        0x0 pwm.c.o
 *(.gnu.warning)

.text.usage     0x0000000000000000       0x1c
 .text.usage    0x0000000000000000       0x1c pwm.c.o

.text.pwm_main  0x0000000000000000      0xa50
 .text.pwm_main
                0x0000000000000000      0xa50 pwm.c.o
                0x0000000000000000                pwm_main

.fini
 *(SORT(.fini))

.rodata         0x0000000000000000       0x10
 *(.rodata)
 .rodata        0x0000000000000000       0x10 pwm.c.o

.rodata.str1.1  0x0000000000000000      0x8a8
 .rodata.str1.1
                0x0000000000000000      0x8a8 pwm.c.o

.rodata1
 *(.rodata1)

.ARM.extab
 *(.ARM.extab)

.ARM.exidx
 *(.ARM.exidx)

.eh_frame_hdr
 *(.eh_frame_hdr)

.eh_frame
 *(.eh_frame)

.gcc_except_table
 *(.gcc_except_table .gcc_except_table.*)

.exception_ranges
 *(.exception_ranges .exception_ranges*)

.eh_frame
 *(.eh_frame)

.gcc_except_table
 *(.gcc_except_table .gcc_except_table.*)

.exception_ranges
 *(.exception_ranges .exception_ranges*)

.tdata
 *(.tdata)

.tbss
 *(.tbss)

.preinit_array
 *(.preinit_array)

.jcr
 *(.jcr)

.dynamic
 *(.dynamic)

.got
 *(.got.plt)
 *(.igot.plt)
 *(.got)
 *(.igot)

.data           0x0000000000000000        0x0
 *(.data)
 .data          0x0000000000000000        0x0 pwm.c.o

.data1
 *(.data1)

.bss            0x0000000000000000        0x0
 *(.dynbss)
 *(.bss)
 .bss           0x0000000000000000        0x0 pwm.c.o
 *(COMMON)

.stab
 *(.stab)

.stabstr
 *(.stabstr)

.stab.excl
 *(.stab.excl)

.stab.exclstr
 *(.stab.exclstr)

.stab.index
 *(.stab.index)

.stab.indexstr
 *(.stab.indexstr)

.comment        0x0000000000000000       0x71
 *(.comment)
 .comment       0x0000000000000000       0x71 pwm.c.o

.group          0x0000000000000000        0x8
 .group         0x0000000000000000        0x8 pwm.c.o

.group          0x0000000000000000        0x8
 .group         0x0000000000000000        0x8 pwm.c.o

.group          0x0000000000000000        0x8
 .group         0x0000000000000000        0x8 pwm.c.o

.group          0x0000000000000000        0x8
 .group         0x0000000000000000        0x8 pwm.c.o

.group          0x0000000000000000        0x8
 .group         0x0000000000000000        0x8 pwm.c.o

.group          0x0000000000000000        0x8
 .group         0x0000000000000000        0x8 pwm.c.o

.group          0x0000000000000000        0x8
 .group         0x0000000000000000        0x8 pwm.c.o

.group          0x0000000000000000        0x8
 .group         0x0000000000000000        0x8 pwm.c.o

.group          0x0000000000000000        0x8
 .group         0x0000000000000000        0x8 pwm.c.o

.group          0x0000000000000000        0x8
 .group         0x0000000000000000        0x8 pwm.c.o

.group          0x0000000000000000        0x8
 .group         0x0000000000000000        0x8 pwm.c.o

.group          0x0000000000000000        0x8
 .group         0x0000000000000000        0x8 pwm.c.o

.group          0x0000000000000000        0x8
 .group         0x0000000000000000        0x8 pwm.c.o

.group          0x0000000000000000        0x8
 .group         0x0000000000000000        0x8 pwm.c.o

.group          0x0000000000000000        0x8
 .group         0x0000000000000000        0x8 pwm.c.o

.group          0x0000000000000000        0x8
 .group         0x0000000000000000        0x8 pwm.c.o

.group          0x0000000000000000        0x8
 .group         0x0000000000000000        0x8 pwm.c.o

.group          0x0000000000000000        0x8
 .group         0x0000000000000000        0x8 pwm.c.o

.group          0x0000000000000000        0x8
 .group         0x0000000000000000        0x8 pwm.c.o

.group          0x0000000000000000        0x8
 .group         0x0000000000000000        0x8 pwm.c.o

.group          0x0000000000000000        0x8
 .group         0x0000000000000000        0x8 pwm.c.o

.group          0x0000000000000000        0x8
 .group         0x0000000000000000        0x8 pwm.c.o

.group          0x0000000000000000        0x8
 .group         0x0000000000000000        0x8 pwm.c.o

.group          0x0000000000000000        0x8
 .group         0x0000000000000000        0x8 pwm.c.o

.group          0x0000000000000000        0x8
 .group         0x0000000000000000        0x8 pwm.c.o

.group          0x0000000000000000        0x8
 .group         0x0000000000000000        0x8 pwm.c.o

.group          0x0000000000000000        0x8
 .group         0x0000000000000000        0x8 pwm.c.o

.group          0x0000000000000000        0x8
 .group         0x0000000000000000        0x8 pwm.c.o

.group          0x0000000000000000        0x8
 .group         0x0000000000000000        0x8 pwm.c.o

.group          0x0000000000000000        0x8
 .group         0x0000000000000000        0x8 pwm.c.o

.group          0x0000000000000000        0x8
 .group         0x0000000000000000        0x8 pwm.c.o

.group          0x0000000000000000        0x8
 .group         0x0000000000000000        0x8 pwm.c.o

.group          0x0000000000000000        0x8
 .group         0x0000000000000000        0x8 pwm.c.o

.group          0x0000000000000000        0x8
 .group         0x0000000000000000        0x8 pwm.c.o

.group          0x0000000000000000        0x8
 .group         0x0000000000000000        0x8 pwm.c.o

.group          0x0000000000000000        0x8
 .group         0x0000000000000000        0x8 pwm.c.o

.group          0x0000000000000000        0x8
 .group         0x0000000000000000        0x8 pwm.c.o

.group          0x0000000000000000        0x8
 .group         0x0000000000000000        0x8 pwm.c.o

.group          0x0000000000000000        0x8
 .group         0x0000000000000000        0x8 pwm.c.o

.group          0x0000000000000000        0x8
 .group         0x0000000000000000        0x8 pwm.c.o

.group          0x0000000000000000        0x8
 .group         0x0000000000000000        0x8 pwm.c.o

.group          0x0000000000000000        0x8
 .group         0x0000000000000000        0x8 pwm.c.o

.group          0x0000000000000000        0x8
 .group         0x0000000000000000        0x8 pwm.c.o

.group          0x0000000000000000        0x8
 .group         0x0000000000000000        0x8 pwm.c.o

.group          0x0000000000000000        0x8
 .group         0x0000000000000000        0x8 pwm.c.o

.group          0x0000000000000000        0x8
 .group         0x0000000000000000        0x8 pwm.c.o

.group          0x0000000000000000        0x8
 .group         0x0000000000000000        0x8 pwm.c.o

.group          0x0000000000000000        0x8
 .group         0x0000000000000000        0x8 pwm.c.o

.group          0x0000000000000000        0x8
 .group         0x0000000000000000        0x8 pwm.c.o

.group          0x0000000000000000        0x8
 .group         0x0000000000000000        0x8 pwm.c.o

.group          0x0000000000000000        0x8
 .group         0x0000000000000000        0x8 pwm.c.o

.group          0x0000000000000000        0x8
 .group         0x0000000000000000        0x8 pwm.c.o

.group          0x0000000000000000        0x8
 .group         0x0000000000000000        0x8 pwm.c.o

.group          0x0000000000000000        0x8
 .group         0x0000000000000000        0x8 pwm.c.o

.group          0x0000000000000000        0x8
 .group         0x0000000000000000        0x8 pwm.c.o

.group          0x0000000000000000        0x8
 .group         0x0000000000000000        0x8 pwm.c.o

.group          0x0000000000000000        0x8
 .group         0x0000000000000000        0x8 pwm.c.o

.group          0x0000000000000000        0x8
 .group         0x0000000000000000        0x8 pwm.c.o

.group          0x0000000000000000        0x8
 .group         0x0000000000000000        0x8 pwm.c.o

.group          0x0000000000000000        0x8
 .group         0x0000000000000000        0x8 pwm.c.o

.group          0x0000000000000000        0x8
 .group         0x0000000000000000        0x8 pwm.c.o

.group          0x0000000000000000        0x8
 .group         0x0000000000000000        0x8 pwm.c.o

.group          0x0000000000000000        0x8
 .group         0x0000000000000000        0x8 pwm.c.o

.group          0x0000000000000000        0x8
 .group         0x0000000000000000        0x8 pwm.c.o

.group          0x0000000000000000        0x8
 .group         0x0000000000000000        0x8 pwm.c.o

.group          0x0000000000000000        0x8
 .group         0x0000000000000000        0x8 pwm.c.o

.group          0x0000000000000000        0x8
 .group         0x0000000000000000        0x8 pwm.c.o

.group          0x0000000000000000        0x8
 .group         0x0000000000000000        0x8 pwm.c.o

.group          0x0000000000000000        0x8
 .group         0x0000000000000000        0x8 pwm.c.o

.group          0x0000000000000000        0x8
 .group         0x0000000000000000        0x8 pwm.c.o

.group          0x0000000000000000        0x8
 .group         0x0000000000000000        0x8 pwm.c.o

.group          0x0000000000000000        0x8
 .group         0x0000000000000000        0x8 pwm.c.o

.group          0x0000000000000000        0x8
 .group         0x0000000000000000        0x8 pwm.c.o

.group          0x0000000000000000        0x8
 .group         0x0000000000000000        0x8 pwm.c.o

.group          0x0000000000000000        0x8
 .group         0x0000000000000000        0x8 pwm.c.o

.group          0x0000000000000000        0x8
 .group         0x0000000000000000        0x8 pwm.c.o

.group          0x0000000000000000        0x8
 .group         0x0000000000000000        0x8 pwm.c.o

.group          0x0000000000000000        0x8
 .group         0x0000000000000000        0x8 pwm.c.o

.group          0x0000000000000000        0x8
 .group         0x0000000000000000        0x8 pwm.c.o

.group          0x0000000000000000        0x8
 .group         0x0000000000000000        0x8 pwm.c.o

.group          0x0000000000000000        0x8
 .group         0x0000000000000000        0x8 pwm.c.o

.group          0x0000000000000000        0x8
 .group         0x0000000000000000        0x8 pwm.c.o

.group          0x0000000000000000        0x8
 .group         0x0000000000000000        0x8 pwm.c.o

.group          0x0000000000000000        0x8
 .group         0x0000000000000000        0x8 pwm.c.o

.group          0x0000000000000000        0x8
 .group         0x0000000000000000        0x8 pwm.c.o

.group          0x0000000000000000        0x8
 .group         0x0000000000000000        0x8 pwm.c.o

.group          0x0000000000000000        0x8
 .group         0x0000000000000000        0x8 pwm.c.o

.group          0x0000000000000000        0x8
 .group         0x0000000000000000        0x8 pwm.c.o

.group          0x0000000000000000        0x8
 .group         0x0000000000000000        0x8 pwm.c.o

.group          0x0000000000000000        0x8
 .group         0x0000000000000000        0x8 pwm.c.o

.group          0x0000000000000000        0x8
 .group         0x0000000000000000        0x8 pwm.c.o

.group          0x0000000000000000        0x8
 .group         0x0000000000000000        0x8 pwm.c.o

.group          0x0000000000000000        0x8
 .group         0x0000000000000000        0x8 pwm.c.o

.group          0x0000000000000000        0x8
 .group         0x0000000000000000        0x8 pwm.c.o

.group          0x0000000000000000        0x8
 .group         0x0000000000000000        0x8 pwm.c.o

.group          0x0000000000000000        0x8
 .group         0x0000000000000000        0x8 pwm.c.o

.debug
 *(.debug)

.line
 *(.line)

.debug_srcinfo
 *(.debug_srcinfo)

.debug_sfnames
 *(.debug_sfnames)

.debug_aranges  0x0000000000000000       0x28
 *(.debug_aranges)
 .debug_aranges
                0x0000000000000000       0x28 pwm.c.o

.debug_pubnames
 *(.debug_pubnames)

.debug_info     0x0000000000000000     0x1f05
 *(.debug_info)
 .debug_info    0x0000000000000000     0x1f05 pwm.c.o

.debug_abbrev   0x0000000000000000      0x2b0
 *(.debug_abbrev)
 .debug_abbrev  0x0000000000000000      0x2b0 pwm.c.o

.debug_line     0x0000000000000000     0x1287
 *(.debug_line)
 .debug_line    0x0000000000000000     0x1287 pwm.c.o

.debug_frame    0x0000000000000000       0x58
 *(.debug_frame)
 .debug_frame   0x0000000000000000       0x58 pwm.c.o

.debug_str      0x0000000000000000    0x449ee
 *(.debug_str)
 .debug_str     0x0000000000000000    0x449ee pwm.c.o

.debug_loc      0x0000000000000000      0xb49
 *(.debug_loc)
 .debug_loc     0x0000000000000000      0xb49 pwm.c.o

.debug_macinfo
 *(.debug_macinfo)

.debug_weaknames
 *(.debug_weaknames)

.debug_funcnames
 *(.debug_funcnames)

.debug_typenames
 *(.debug_typenames)

.debug_varnames
 *(.debug_varnames)

.debug_pubtypes
 *(.debug_pubtypes)

.debug_ranges   0x0000000000000000      0x138
 *(.debug_ranges)
 .debug_ranges  0x0000000000000000      0x138 pwm.c.o

.debug_macro    0x0000000000000000      0x4f8
 *(.debug_macro)
 .debug_macro   0x0000000000000000      0x4f8 pwm.c.o

.stack
 *(.stack)

.ARM.attributes
                0x0000000000000000       0x35
 *(.ARM.attributes)
 .ARM.attributes
                0x0000000000000000       0x35 pwm.c.o
 *(.gnu.attributes)

.note.gnu.arm.ident
 *(.note.gnu.arm.ident)
OUTPUT(/Users/yndal/Desktop/WorkingDroneCode/Drone-old_global-param/PX4Firmware/Build/px4fmu-v2_APM.build//Users/yndal/Desktop/WorkingDroneCode/Drone-old_global-param/PX4Firmware/src/systemcmds/pwm/module.pre.o elf32-littlearm)

.debug_macro    0x0000000000000000      0x89e
 .debug_macro   0x0000000000000000      0x89e pwm.c.o

.debug_macro    0x0000000000000000       0x22
 .debug_macro   0x0000000000000000       0x22 pwm.c.o

.debug_macro    0x0000000000000000      0x89f
 .debug_macro   0x0000000000000000      0x89f pwm.c.o

.debug_macro    0x0000000000000000       0xc9
 .debug_macro   0x0000000000000000       0xc9 pwm.c.o

.debug_macro    0x0000000000000000       0x10
 .debug_macro   0x0000000000000000       0x10 pwm.c.o

.debug_macro    0x0000000000000000       0x88
 .debug_macro   0x0000000000000000       0x88 pwm.c.o

.debug_macro    0x0000000000000000      0x14e
 .debug_macro   0x0000000000000000      0x14e pwm.c.o

.debug_macro    0x0000000000000000      0x125
 .debug_macro   0x0000000000000000      0x125 pwm.c.o

.debug_macro    0x0000000000000000       0x69
 .debug_macro   0x0000000000000000       0x69 pwm.c.o

.debug_macro    0x0000000000000000       0x58
 .debug_macro   0x0000000000000000       0x58 pwm.c.o

.debug_macro    0x0000000000000000       0x4c
 .debug_macro   0x0000000000000000       0x4c pwm.c.o

.debug_macro    0x0000000000000000       0x49
 .debug_macro   0x0000000000000000       0x49 pwm.c.o

.debug_macro    0x0000000000000000      0x106
 .debug_macro   0x0000000000000000      0x106 pwm.c.o

.debug_macro    0x0000000000000000       0x23
 .debug_macro   0x0000000000000000       0x23 pwm.c.o

.debug_macro    0x0000000000000000       0x28
 .debug_macro   0x0000000000000000       0x28 pwm.c.o

.debug_macro    0x0000000000000000       0x22
 .debug_macro   0x0000000000000000       0x22 pwm.c.o

.debug_macro    0x0000000000000000       0xd1
 .debug_macro   0x0000000000000000       0xd1 pwm.c.o

.debug_macro    0x0000000000000000       0x98
 .debug_macro   0x0000000000000000       0x98 pwm.c.o

.debug_macro    0x0000000000000000       0x16
 .debug_macro   0x0000000000000000       0x16 pwm.c.o

.debug_macro    0x0000000000000000       0x59
 .debug_macro   0x0000000000000000       0x59 pwm.c.o

.debug_macro    0x0000000000000000      0x11b
 .debug_macro   0x0000000000000000      0x11b pwm.c.o

.debug_macro    0x0000000000000000       0x46
 .debug_macro   0x0000000000000000       0x46 pwm.c.o

.debug_macro    0x0000000000000000      0x27f
 .debug_macro   0x0000000000000000      0x27f pwm.c.o

.debug_macro    0x0000000000000000       0x10
 .debug_macro   0x0000000000000000       0x10 pwm.c.o

.debug_macro    0x0000000000000000      0x195
 .debug_macro   0x0000000000000000      0x195 pwm.c.o

.debug_macro    0x0000000000000000       0x8a
 .debug_macro   0x0000000000000000       0x8a pwm.c.o

.debug_macro    0x0000000000000000       0x10
 .debug_macro   0x0000000000000000       0x10 pwm.c.o

.debug_macro    0x0000000000000000       0x10
 .debug_macro   0x0000000000000000       0x10 pwm.c.o

.debug_macro    0x0000000000000000       0x39
 .debug_macro   0x0000000000000000       0x39 pwm.c.o

.debug_macro    0x0000000000000000       0xb4
 .debug_macro   0x0000000000000000       0xb4 pwm.c.o

.debug_macro    0x0000000000000000       0x41
 .debug_macro   0x0000000000000000       0x41 pwm.c.o

.debug_macro    0x0000000000000000       0x4d
 .debug_macro   0x0000000000000000       0x4d pwm.c.o

.debug_macro    0x0000000000000000       0x5e
 .debug_macro   0x0000000000000000       0x5e pwm.c.o

.debug_macro    0x0000000000000000       0x22
 .debug_macro   0x0000000000000000       0x22 pwm.c.o

.debug_macro    0x0000000000000000      0x14d
 .debug_macro   0x0000000000000000      0x14d pwm.c.o

.debug_macro    0x0000000000000000       0x59
 .debug_macro   0x0000000000000000       0x59 pwm.c.o

.debug_macro    0x0000000000000000       0x22
 .debug_macro   0x0000000000000000       0x22 pwm.c.o

.debug_macro    0x0000000000000000       0x9a
 .debug_macro   0x0000000000000000       0x9a pwm.c.o

.debug_macro    0x0000000000000000      0x1cf
 .debug_macro   0x0000000000000000      0x1cf pwm.c.o

.debug_macro    0x0000000000000000      0x16c
 .debug_macro   0x0000000000000000      0x16c pwm.c.o

.debug_macro    0x0000000000000000       0x16
 .debug_macro   0x0000000000000000       0x16 pwm.c.o

.debug_macro    0x0000000000000000       0xd1
 .debug_macro   0x0000000000000000       0xd1 pwm.c.o

.debug_macro    0x0000000000000000       0x9c
 .debug_macro   0x0000000000000000       0x9c pwm.c.o

.debug_macro    0x0000000000000000       0x78
 .debug_macro   0x0000000000000000       0x78 pwm.c.o

.debug_macro    0x0000000000000000       0x36
 .debug_macro   0x0000000000000000       0x36 pwm.c.o

.debug_macro    0x0000000000000000       0x23
 .debug_macro   0x0000000000000000       0x23 pwm.c.o

.debug_macro    0x0000000000000000       0x78
 .debug_macro   0x0000000000000000       0x78 pwm.c.o

.debug_macro    0x0000000000000000       0x28
 .debug_macro   0x0000000000000000       0x28 pwm.c.o

.debug_macro    0x0000000000000000      0x6cb
 .debug_macro   0x0000000000000000      0x6cb pwm.c.o

.debug_macro    0x0000000000000000      0x20a
 .debug_macro   0x0000000000000000      0x20a pwm.c.o

.debug_macro    0x0000000000000000      0xf6f
 .debug_macro   0x0000000000000000      0xf6f pwm.c.o

.debug_macro    0x0000000000000000      0x2ab
 .debug_macro   0x0000000000000000      0x2ab pwm.c.o

.debug_macro    0x0000000000000000      0x8b5
 .debug_macro   0x0000000000000000      0x8b5 pwm.c.o

.debug_macro    0x0000000000000000       0x10
 .debug_macro   0x0000000000000000       0x10 pwm.c.o

.debug_macro    0x0000000000000000      0x14e
 .debug_macro   0x0000000000000000      0x14e pwm.c.o

.debug_macro    0x0000000000000000      0x7ca
 .debug_macro   0x0000000000000000      0x7ca pwm.c.o

.debug_macro    0x0000000000000000       0xff
 .debug_macro   0x0000000000000000       0xff pwm.c.o

.debug_macro    0x0000000000000000      0xae7
 .debug_macro   0x0000000000000000      0xae7 pwm.c.o

.debug_macro    0x0000000000000000       0x51
 .debug_macro   0x0000000000000000       0x51 pwm.c.o

.debug_macro    0x0000000000000000      0x11a
 .debug_macro   0x0000000000000000      0x11a pwm.c.o

.debug_macro    0x0000000000000000       0x16
 .debug_macro   0x0000000000000000       0x16 pwm.c.o

.debug_macro    0x0000000000000000       0x1d
 .debug_macro   0x0000000000000000       0x1d pwm.c.o

.debug_macro    0x0000000000000000      0x206
 .debug_macro   0x0000000000000000      0x206 pwm.c.o

.debug_macro    0x0000000000000000      0x56a
 .debug_macro   0x0000000000000000      0x56a pwm.c.o

.debug_macro    0x0000000000000000      0x2bf
 .debug_macro   0x0000000000000000      0x2bf pwm.c.o

.debug_macro    0x0000000000000000       0xd3
 .debug_macro   0x0000000000000000       0xd3 pwm.c.o

.debug_macro    0x0000000000000000       0x16
 .debug_macro   0x0000000000000000       0x16 pwm.c.o

.debug_macro    0x0000000000000000       0x34
 .debug_macro   0x0000000000000000       0x34 pwm.c.o

.debug_macro    0x0000000000000000      0xab0
 .debug_macro   0x0000000000000000      0xab0 pwm.c.o

.debug_macro    0x0000000000000000       0x17
 .debug_macro   0x0000000000000000       0x17 pwm.c.o

.debug_macro    0x0000000000000000      0x6fa
 .debug_macro   0x0000000000000000      0x6fa pwm.c.o

.debug_macro    0x0000000000000000       0x22
 .debug_macro   0x0000000000000000       0x22 pwm.c.o

.debug_macro    0x0000000000000000      0x596
 .debug_macro   0x0000000000000000      0x596 pwm.c.o

.debug_macro    0x0000000000000000       0x16
 .debug_macro   0x0000000000000000       0x16 pwm.c.o

.debug_macro    0x0000000000000000      0x29b
 .debug_macro   0x0000000000000000      0x29b pwm.c.o

.debug_macro    0x0000000000000000       0x16
 .debug_macro   0x0000000000000000       0x16 pwm.c.o

.debug_macro    0x0000000000000000     0x15a4
 .debug_macro   0x0000000000000000     0x15a4 pwm.c.o

.debug_macro    0x0000000000000000       0x53
 .debug_macro   0x0000000000000000       0x53 pwm.c.o

.debug_macro    0x0000000000000000      0x347
 .debug_macro   0x0000000000000000      0x347 pwm.c.o

.debug_macro    0x0000000000000000       0x96
 .debug_macro   0x0000000000000000       0x96 pwm.c.o

.debug_macro    0x0000000000000000       0x1c
 .debug_macro   0x0000000000000000       0x1c pwm.c.o

.debug_macro    0x0000000000000000      0x413
 .debug_macro   0x0000000000000000      0x413 pwm.c.o

.debug_macro    0x0000000000000000       0x5f
 .debug_macro   0x0000000000000000       0x5f pwm.c.o

.debug_macro    0x0000000000000000       0x1d
 .debug_macro   0x0000000000000000       0x1d pwm.c.o

.debug_macro    0x0000000000000000       0xdf
 .debug_macro   0x0000000000000000       0xdf pwm.c.o

.debug_macro    0x0000000000000000       0x16
 .debug_macro   0x0000000000000000       0x16 pwm.c.o

.debug_macro    0x0000000000000000      0x13f
 .debug_macro   0x0000000000000000      0x13f pwm.c.o

.debug_macro    0x0000000000000000       0x16
 .debug_macro   0x0000000000000000       0x16 pwm.c.o

.debug_macro    0x0000000000000000       0x1c
 .debug_macro   0x0000000000000000       0x1c pwm.c.o

.debug_macro    0x0000000000000000      0xdb4
 .debug_macro   0x0000000000000000      0xdb4 pwm.c.o

.debug_macro    0x0000000000000000       0x16
 .debug_macro   0x0000000000000000       0x16 pwm.c.o

.debug_macro    0x0000000000000000      0x215
 .debug_macro   0x0000000000000000      0x215 pwm.c.o

.debug_macro    0x0000000000000000      0x183
 .debug_macro   0x0000000000000000      0x183 pwm.c.o

.debug_macro    0x0000000000000000       0x29
 .debug_macro   0x0000000000000000       0x29 pwm.c.o

.debug_macro    0x0000000000000000       0x46
 .debug_macro   0x0000000000000000       0x46 pwm.c.o

.debug_macro    0x0000000000000000      0x14a
 .debug_macro   0x0000000000000000      0x14a pwm.c.o
