
Memory Configuration

Name             Origin             Length             Attributes
*default*        0x0000000000000000 0xffffffffffffffff

Linker script and memory map

LOAD mkblctrl.cpp.o

.interp
 *(.interp)

.note.gnu.build-id
 *(.note.gnu.build-id)

.hash
 *(.hash)

.gnu.hash
 *(.gnu.hash)

.dynsym
 *(.dynsym)

.dynstr
 *(.dynstr)

.gnu.version
 *(.gnu.version)

.gnu.version_d
 *(.gnu.version_d)

.gnu.version_r
 *(.gnu.version_r)

.rel.init
 *(.rel.init)

.rela.init
 *(.rela.init)

.rel.text
 *(.rel.text)

.rela.text
 *(.rela.text)

.rel.fini
 *(.rel.fini)

.rela.fini
 *(.rela.fini)

.rel.rodata
 *(.rel.rodata)

.rela.rodata
 *(.rela.rodata)

.rel.data.rel.ro
 *(.rel.data.rel.ro)

.rela.data.rel.ro
 *(.rela.data.rel.ro)

.rel.data
 *(.rel.data)

.rela.data
 *(.rela.data)

.rel.tdata
 *(.rel.tdata)

.rela.tdata
 *(.rela.tdata)

.rel.tbss
 *(.rel.tbss)

.rela.tbss
 *(.rela.tbss)

.rel.ctors
 *(.rel.ctors)

.rela.ctors
 *(.rela.ctors)

.rel.dtors
 *(.rel.dtors)

.rela.dtors
 *(.rela.dtors)

.rel.got
 *(.rel.got)

.rela.got
 *(.rela.got)

.rel.bss
 *(.rel.bss)

.rela.bss
 *(.rela.bss)

.rel.iplt
 *(.rel.iplt)

.rela.iplt
 *(.rela.iplt)

.rel.plt
 *(.rel.plt)

.rela.plt
 *(.rela.plt)

.init
 *(SORT(.init))

.plt
 *(.plt)

.iplt
 *(.iplt)

.text           0x0000000000000000        0x0
 *(.text .stub)
 .text          0x0000000000000000        0x0 mkblctrl.cpp.o
 *(.gnu.warning)

.text._ZN2MK16control_callbackEjhhRf
                0x0000000000000000        0xc
 .text._ZN2MK16control_callbackEjhhRf
                0x0000000000000000        0xc mkblctrl.cpp.o
                0x0000000000000000                MK::control_callback(unsigned int, unsigned char, unsigned char, float&)

.text._ZN2MKD2Ev
                0x0000000000000000       0x58
 .text._ZN2MKD2Ev
                0x0000000000000000       0x58 mkblctrl.cpp.o
                0x0000000000000000                MK::~MK()
                0x0000000000000000                MK::~MK()

.text._ZN2MKD0Ev
                0x0000000000000000       0x12
 .text._ZN2MKD0Ev
                0x0000000000000000       0x12 mkblctrl.cpp.o
                0x0000000000000000                MK::~MK()

.text._ZN2MK4initEj
                0x0000000000000000       0xb0
 .text._ZN2MK4initEj
                0x0000000000000000       0xb0 mkblctrl.cpp.o
                0x0000000000000000                MK::init(unsigned int)

.text._ZN2MKC2EiPKc
                0x0000000000000000       0x88
 .text._ZN2MKC2EiPKc
                0x0000000000000000       0x88 mkblctrl.cpp.o
                0x0000000000000000                MK::MK(int, char const*)
                0x0000000000000000                MK::MK(int, char const*)

.text._ZN2MK15set_update_rateEj
                0x0000000000000000       0x14
 .text._ZN2MK15set_update_rateEj
                0x0000000000000000       0x14 mkblctrl.cpp.o
                0x0000000000000000                MK::set_update_rate(unsigned int)

.text._ZN2MK11set_px4modeEi
                0x0000000000000000        0x6
 .text._ZN2MK11set_px4modeEi
                0x0000000000000000        0x6 mkblctrl.cpp.o
                0x0000000000000000                MK::set_px4mode(int)

.text._ZN2MK13set_frametypeEi
                0x0000000000000000        0x6
 .text._ZN2MK13set_frametypeEi
                0x0000000000000000        0x6 mkblctrl.cpp.o
                0x0000000000000000                MK::set_frametype(int)

.text._ZN2MK15set_motor_countEj
                0x0000000000000000      0x124
 .text._ZN2MK15set_motor_countEj
                0x0000000000000000      0x124 mkblctrl.cpp.o
                0x0000000000000000                MK::set_motor_count(unsigned int)

.text._ZN2MK14set_motor_testEb
                0x0000000000000000        0x8
 .text._ZN2MK14set_motor_testEb
                0x0000000000000000        0x8 mkblctrl.cpp.o
                0x0000000000000000                MK::set_motor_test(bool)

.text._ZN2MK26set_overrideSecurityChecksEb
                0x0000000000000000        0x8
 .text._ZN2MK26set_overrideSecurityChecksEb
                0x0000000000000000        0x8 mkblctrl.cpp.o
                0x0000000000000000                MK::set_overrideSecurityChecks(bool)

.text._ZN2MK7scalingEfffff
                0x0000000000000000       0x58
 .text._ZN2MK7scalingEfffff
                0x0000000000000000       0x58 mkblctrl.cpp.o
                0x0000000000000000                MK::scaling(float, float, float, float, float)

.text._ZN2MK12mk_servo_armEb
                0x0000000000000000        0x8
 .text._ZN2MK12mk_servo_armEb
                0x0000000000000000        0x8 mkblctrl.cpp.o
                0x0000000000000000                MK::mk_servo_arm(bool)

.text._ZN2MK19mk_check_for_blctrlEjbb
                0x0000000000000000      0x140
 .text._ZN2MK19mk_check_for_blctrlEjbb
                0x0000000000000000      0x140 mkblctrl.cpp.o
                0x0000000000000000                MK::mk_check_for_blctrl(unsigned int, bool, bool)

.text._ZN2MK12mk_servo_setEjs
                0x0000000000000000      0x140
 .text._ZN2MK12mk_servo_setEjs
                0x0000000000000000      0x140 mkblctrl.cpp.o
                0x0000000000000000                MK::mk_servo_set(unsigned int, short)

.text._ZN2MK5writeEP4filePKcj
                0x0000000000000000       0x84
 .text._ZN2MK5writeEP4filePKcj
                0x0000000000000000       0x84 mkblctrl.cpp.o
                0x0000000000000000                MK::write(file*, char const*, unsigned int)

.text._ZN2MK18mk_servo_set_valueEjs
                0x0000000000000000       0x74
 .text._ZN2MK18mk_servo_set_valueEjs
                0x0000000000000000       0x74 mkblctrl.cpp.o
                0x0000000000000000                MK::mk_servo_set_value(unsigned int, short)

.text._ZN2MK13mk_servo_testEj
                0x0000000000000000      0x12c
 .text._ZN2MK13mk_servo_testEj
                0x0000000000000000      0x12c mkblctrl.cpp.o
                0x0000000000000000                MK::mk_servo_test(unsigned int)

.text._ZN2MK9task_mainEv
                0x0000000000000000      0x338
 .text._ZN2MK9task_mainEv
                0x0000000000000000      0x338 mkblctrl.cpp.o
                0x0000000000000000                MK::task_main()

.text._ZN2MK20task_main_trampolineEiPPc
                0x0000000000000000       0x10
 .text._ZN2MK20task_main_trampolineEiPPc
                0x0000000000000000       0x10 mkblctrl.cpp.o
                0x0000000000000000                MK::task_main_trampoline(int, char**)

.text._ZN2MK9pwm_ioctlEP4fileim
                0x0000000000000000      0x210
 .text._ZN2MK9pwm_ioctlEP4fileim
                0x0000000000000000      0x210 mkblctrl.cpp.o
                0x0000000000000000                MK::pwm_ioctl(file*, int, unsigned long)

.text.mkblctrl_main
                0x0000000000000000      0x32c
 .text.mkblctrl_main
                0x0000000000000000      0x32c mkblctrl.cpp.o
                0x0000000000000000                mkblctrl_main

.text._ZN2MK5ioctlEP4fileim
                0x0000000000000000       0x2a
 .text._ZN2MK5ioctlEP4fileim
                0x0000000000000000       0x2a mkblctrl.cpp.o
                0x0000000000000000                MK::ioctl(file*, int, unsigned long)

.fini
 *(SORT(.fini))

.rodata
 *(.rodata)

.rodata._ZL17blctrlAddr_quad_x
                0x0000000000000000       0x20
 .rodata._ZL17blctrlAddr_quad_x
                0x0000000000000000       0x20 mkblctrl.cpp.o

.rodata._ZL17blctrlAddr_octo_x
                0x0000000000000000       0x20
 .rodata._ZL17blctrlAddr_octo_x
                0x0000000000000000       0x20 mkblctrl.cpp.o

.rodata.str1.1  0x0000000000000000      0x66d
 .rodata.str1.1
                0x0000000000000000      0x66d mkblctrl.cpp.o

.rodata._ZL20blctrlAddr_octo_plus
                0x0000000000000000       0x20
 .rodata._ZL20blctrlAddr_octo_plus
                0x0000000000000000       0x20 mkblctrl.cpp.o

.rodata._ZL20blctrlAddr_quad_plus
                0x0000000000000000       0x20
 .rodata._ZL20blctrlAddr_quad_plus
                0x0000000000000000       0x20 mkblctrl.cpp.o

.rodata._ZTV2MK
                0x0000000000000000       0x68
 .rodata._ZTV2MK
                0x0000000000000000       0x68 mkblctrl.cpp.o
                0x0000000000000000                vtable for MK

.rodata._ZL20blctrlAddr_hexa_plus
                0x0000000000000000       0x20
 .rodata._ZL20blctrlAddr_hexa_plus
                0x0000000000000000       0x20 mkblctrl.cpp.o

.rodata._ZL17blctrlAddr_hexa_x
                0x0000000000000000       0x20
 .rodata._ZL17blctrlAddr_hexa_x
                0x0000000000000000       0x20 mkblctrl.cpp.o

.rodata._ZL14blctrlAddr_px4
                0x0000000000000000       0x20
 .rodata._ZL14blctrlAddr_px4
                0x0000000000000000       0x20 mkblctrl.cpp.o

.rodata1
 *(.rodata1)

.ARM.extab
 *(.ARM.extab)

.ARM.exidx
 *(.ARM.exidx)

.eh_frame_hdr
 *(.eh_frame_hdr)

.eh_frame
 *(.eh_frame)

.gcc_except_table
 *(.gcc_except_table .gcc_except_table.*)

.exception_ranges
 *(.exception_ranges .exception_ranges*)

.eh_frame
 *(.eh_frame)

.gcc_except_table
 *(.gcc_except_table .gcc_except_table.*)

.exception_ranges
 *(.exception_ranges .exception_ranges*)

.tdata
 *(.tdata)

.tbss
 *(.tbss)

.preinit_array
 *(.preinit_array)

.jcr
 *(.jcr)

.dynamic
 *(.dynamic)

.got
 *(.got.plt)
 *(.igot.plt)
 *(.got)
 *(.igot)

.data           0x0000000000000000        0x0
 *(.data)
 .data          0x0000000000000000        0x0 mkblctrl.cpp.o

.data1
 *(.data1)

.bss            0x0000000000000000        0x0
 *(.dynbss)
 *(.bss)
 .bss           0x0000000000000000        0x0 mkblctrl.cpp.o
 *(COMMON)

.bss.addrTranslator
                0x0000000000000000       0x20
 .bss.addrTranslator
                0x0000000000000000       0x20 mkblctrl.cpp.o
                0x0000000000000000                addrTranslator

.bss._ZN12_GLOBAL__N_14g_mkE
                0x0000000000000000        0x4
 .bss._ZN12_GLOBAL__N_14g_mkE
                0x0000000000000000        0x4 mkblctrl.cpp.o

.stab
 *(.stab)

.stabstr
 *(.stabstr)

.stab.excl
 *(.stab.excl)

.stab.exclstr
 *(.stab.exclstr)

.stab.index
 *(.stab.index)

.stab.indexstr
 *(.stab.indexstr)

.comment        0x0000000000000000       0x71
 *(.comment)
 .comment       0x0000000000000000       0x71 mkblctrl.cpp.o

.group          0x0000000000000000        0x8
 .group         0x0000000000000000        0x8 mkblctrl.cpp.o

.group          0x0000000000000000        0x8
 .group         0x0000000000000000        0x8 mkblctrl.cpp.o

.group          0x0000000000000000        0x8
 .group         0x0000000000000000        0x8 mkblctrl.cpp.o

.group          0x0000000000000000        0x8
 .group         0x0000000000000000        0x8 mkblctrl.cpp.o

.group          0x0000000000000000        0x8
 .group         0x0000000000000000        0x8 mkblctrl.cpp.o

.group          0x0000000000000000        0x8
 .group         0x0000000000000000        0x8 mkblctrl.cpp.o

.group          0x0000000000000000        0x8
 .group         0x0000000000000000        0x8 mkblctrl.cpp.o

.group          0x0000000000000000        0x8
 .group         0x0000000000000000        0x8 mkblctrl.cpp.o

.group          0x0000000000000000        0x8
 .group         0x0000000000000000        0x8 mkblctrl.cpp.o

.group          0x0000000000000000        0x8
 .group         0x0000000000000000        0x8 mkblctrl.cpp.o

.group          0x0000000000000000        0x8
 .group         0x0000000000000000        0x8 mkblctrl.cpp.o

.group          0x0000000000000000        0x8
 .group         0x0000000000000000        0x8 mkblctrl.cpp.o

.group          0x0000000000000000        0x8
 .group         0x0000000000000000        0x8 mkblctrl.cpp.o

.group          0x0000000000000000        0x8
 .group         0x0000000000000000        0x8 mkblctrl.cpp.o

.group          0x0000000000000000        0x8
 .group         0x0000000000000000        0x8 mkblctrl.cpp.o

.group          0x0000000000000000        0x8
 .group         0x0000000000000000        0x8 mkblctrl.cpp.o

.group          0x0000000000000000        0x8
 .group         0x0000000000000000        0x8 mkblctrl.cpp.o

.group          0x0000000000000000        0x8
 .group         0x0000000000000000        0x8 mkblctrl.cpp.o

.group          0x0000000000000000        0x8
 .group         0x0000000000000000        0x8 mkblctrl.cpp.o

.group          0x0000000000000000        0x8
 .group         0x0000000000000000        0x8 mkblctrl.cpp.o

.group          0x0000000000000000        0x8
 .group         0x0000000000000000        0x8 mkblctrl.cpp.o

.group          0x0000000000000000        0x8
 .group         0x0000000000000000        0x8 mkblctrl.cpp.o

.group          0x0000000000000000        0x8
 .group         0x0000000000000000        0x8 mkblctrl.cpp.o

.group          0x0000000000000000        0x8
 .group         0x0000000000000000        0x8 mkblctrl.cpp.o

.group          0x0000000000000000        0x8
 .group         0x0000000000000000        0x8 mkblctrl.cpp.o

.group          0x0000000000000000        0x8
 .group         0x0000000000000000        0x8 mkblctrl.cpp.o

.group          0x0000000000000000        0x8
 .group         0x0000000000000000        0x8 mkblctrl.cpp.o

.group          0x0000000000000000        0x8
 .group         0x0000000000000000        0x8 mkblctrl.cpp.o

.group          0x0000000000000000        0x8
 .group         0x0000000000000000        0x8 mkblctrl.cpp.o

.group          0x0000000000000000        0x8
 .group         0x0000000000000000        0x8 mkblctrl.cpp.o

.group          0x0000000000000000        0x8
 .group         0x0000000000000000        0x8 mkblctrl.cpp.o

.group          0x0000000000000000        0x8
 .group         0x0000000000000000        0x8 mkblctrl.cpp.o

.group          0x0000000000000000        0x8
 .group         0x0000000000000000        0x8 mkblctrl.cpp.o

.group          0x0000000000000000        0x8
 .group         0x0000000000000000        0x8 mkblctrl.cpp.o

.group          0x0000000000000000        0x8
 .group         0x0000000000000000        0x8 mkblctrl.cpp.o

.group          0x0000000000000000        0x8
 .group         0x0000000000000000        0x8 mkblctrl.cpp.o

.group          0x0000000000000000        0x8
 .group         0x0000000000000000        0x8 mkblctrl.cpp.o

.group          0x0000000000000000        0x8
 .group         0x0000000000000000        0x8 mkblctrl.cpp.o

.group          0x0000000000000000        0x8
 .group         0x0000000000000000        0x8 mkblctrl.cpp.o

.group          0x0000000000000000        0x8
 .group         0x0000000000000000        0x8 mkblctrl.cpp.o

.group          0x0000000000000000        0x8
 .group         0x0000000000000000        0x8 mkblctrl.cpp.o

.group          0x0000000000000000        0x8
 .group         0x0000000000000000        0x8 mkblctrl.cpp.o

.group          0x0000000000000000        0x8
 .group         0x0000000000000000        0x8 mkblctrl.cpp.o

.group          0x0000000000000000        0x8
 .group         0x0000000000000000        0x8 mkblctrl.cpp.o

.group          0x0000000000000000        0x8
 .group         0x0000000000000000        0x8 mkblctrl.cpp.o

.group          0x0000000000000000        0x8
 .group         0x0000000000000000        0x8 mkblctrl.cpp.o

.group          0x0000000000000000        0x8
 .group         0x0000000000000000        0x8 mkblctrl.cpp.o

.group          0x0000000000000000        0x8
 .group         0x0000000000000000        0x8 mkblctrl.cpp.o

.group          0x0000000000000000        0x8
 .group         0x0000000000000000        0x8 mkblctrl.cpp.o

.group          0x0000000000000000        0x8
 .group         0x0000000000000000        0x8 mkblctrl.cpp.o

.group          0x0000000000000000        0x8
 .group         0x0000000000000000        0x8 mkblctrl.cpp.o

.group          0x0000000000000000        0x8
 .group         0x0000000000000000        0x8 mkblctrl.cpp.o

.group          0x0000000000000000        0x8
 .group         0x0000000000000000        0x8 mkblctrl.cpp.o

.group          0x0000000000000000        0x8
 .group         0x0000000000000000        0x8 mkblctrl.cpp.o

.group          0x0000000000000000        0x8
 .group         0x0000000000000000        0x8 mkblctrl.cpp.o

.group          0x0000000000000000        0x8
 .group         0x0000000000000000        0x8 mkblctrl.cpp.o

.group          0x0000000000000000        0x8
 .group         0x0000000000000000        0x8 mkblctrl.cpp.o

.group          0x0000000000000000        0x8
 .group         0x0000000000000000        0x8 mkblctrl.cpp.o

.group          0x0000000000000000        0x8
 .group         0x0000000000000000        0x8 mkblctrl.cpp.o

.group          0x0000000000000000        0x8
 .group         0x0000000000000000        0x8 mkblctrl.cpp.o

.group          0x0000000000000000        0x8
 .group         0x0000000000000000        0x8 mkblctrl.cpp.o

.group          0x0000000000000000        0x8
 .group         0x0000000000000000        0x8 mkblctrl.cpp.o

.group          0x0000000000000000        0x8
 .group         0x0000000000000000        0x8 mkblctrl.cpp.o

.group          0x0000000000000000        0x8
 .group         0x0000000000000000        0x8 mkblctrl.cpp.o

.group          0x0000000000000000        0x8
 .group         0x0000000000000000        0x8 mkblctrl.cpp.o

.group          0x0000000000000000        0x8
 .group         0x0000000000000000        0x8 mkblctrl.cpp.o

.group          0x0000000000000000        0x8
 .group         0x0000000000000000        0x8 mkblctrl.cpp.o

.group          0x0000000000000000        0x8
 .group         0x0000000000000000        0x8 mkblctrl.cpp.o

.group          0x0000000000000000        0x8
 .group         0x0000000000000000        0x8 mkblctrl.cpp.o

.group          0x0000000000000000        0x8
 .group         0x0000000000000000        0x8 mkblctrl.cpp.o

.group          0x0000000000000000        0x8
 .group         0x0000000000000000        0x8 mkblctrl.cpp.o

.group          0x0000000000000000        0x8
 .group         0x0000000000000000        0x8 mkblctrl.cpp.o

.group          0x0000000000000000        0x8
 .group         0x0000000000000000        0x8 mkblctrl.cpp.o

.group          0x0000000000000000        0x8
 .group         0x0000000000000000        0x8 mkblctrl.cpp.o

.group          0x0000000000000000        0x8
 .group         0x0000000000000000        0x8 mkblctrl.cpp.o

.group          0x0000000000000000        0x8
 .group         0x0000000000000000        0x8 mkblctrl.cpp.o

.group          0x0000000000000000        0x8
 .group         0x0000000000000000        0x8 mkblctrl.cpp.o

.group          0x0000000000000000        0x8
 .group         0x0000000000000000        0x8 mkblctrl.cpp.o

.group          0x0000000000000000        0x8
 .group         0x0000000000000000        0x8 mkblctrl.cpp.o

.group          0x0000000000000000        0x8
 .group         0x0000000000000000        0x8 mkblctrl.cpp.o

.group          0x0000000000000000        0x8
 .group         0x0000000000000000        0x8 mkblctrl.cpp.o

.group          0x0000000000000000        0x8
 .group         0x0000000000000000        0x8 mkblctrl.cpp.o

.group          0x0000000000000000        0x8
 .group         0x0000000000000000        0x8 mkblctrl.cpp.o

.group          0x0000000000000000        0x8
 .group         0x0000000000000000        0x8 mkblctrl.cpp.o

.group          0x0000000000000000        0x8
 .group         0x0000000000000000        0x8 mkblctrl.cpp.o

.group          0x0000000000000000        0x8
 .group         0x0000000000000000        0x8 mkblctrl.cpp.o

.group          0x0000000000000000        0x8
 .group         0x0000000000000000        0x8 mkblctrl.cpp.o

.group          0x0000000000000000        0x8
 .group         0x0000000000000000        0x8 mkblctrl.cpp.o

.group          0x0000000000000000        0x8
 .group         0x0000000000000000        0x8 mkblctrl.cpp.o

.group          0x0000000000000000        0x8
 .group         0x0000000000000000        0x8 mkblctrl.cpp.o

.group          0x0000000000000000        0x8
 .group         0x0000000000000000        0x8 mkblctrl.cpp.o

.group          0x0000000000000000        0x8
 .group         0x0000000000000000        0x8 mkblctrl.cpp.o

.group          0x0000000000000000        0x8
 .group         0x0000000000000000        0x8 mkblctrl.cpp.o

.group          0x0000000000000000        0x8
 .group         0x0000000000000000        0x8 mkblctrl.cpp.o

.group          0x0000000000000000        0x8
 .group         0x0000000000000000        0x8 mkblctrl.cpp.o

.group          0x0000000000000000        0x8
 .group         0x0000000000000000        0x8 mkblctrl.cpp.o

.group          0x0000000000000000        0x8
 .group         0x0000000000000000        0x8 mkblctrl.cpp.o

.group          0x0000000000000000        0x8
 .group         0x0000000000000000        0x8 mkblctrl.cpp.o

.group          0x0000000000000000        0x8
 .group         0x0000000000000000        0x8 mkblctrl.cpp.o

.group          0x0000000000000000        0x8
 .group         0x0000000000000000        0x8 mkblctrl.cpp.o

.group          0x0000000000000000        0x8
 .group         0x0000000000000000        0x8 mkblctrl.cpp.o

.group          0x0000000000000000        0x8
 .group         0x0000000000000000        0x8 mkblctrl.cpp.o

.group          0x0000000000000000        0x8
 .group         0x0000000000000000        0x8 mkblctrl.cpp.o

.group          0x0000000000000000        0x8
 .group         0x0000000000000000        0x8 mkblctrl.cpp.o

.debug
 *(.debug)

.line
 *(.line)

.debug_srcinfo
 *(.debug_srcinfo)

.debug_sfnames
 *(.debug_sfnames)

.debug_aranges  0x0000000000000000       0xd0
 *(.debug_aranges)
 .debug_aranges
                0x0000000000000000       0xd0 mkblctrl.cpp.o

.debug_pubnames
 *(.debug_pubnames)

.debug_info     0x0000000000000000     0x3bfc
 *(.debug_info)
 .debug_info    0x0000000000000000     0x3bfc mkblctrl.cpp.o

.debug_abbrev   0x0000000000000000      0x866
 *(.debug_abbrev)
 .debug_abbrev  0x0000000000000000      0x866 mkblctrl.cpp.o

.debug_line     0x0000000000000000     0x1a39
 *(.debug_line)
 .debug_line    0x0000000000000000     0x1a39 mkblctrl.cpp.o

.debug_frame    0x0000000000000000      0x278
 *(.debug_frame)
 .debug_frame   0x0000000000000000      0x278 mkblctrl.cpp.o

.debug_str      0x0000000000000000    0x496b5
 *(.debug_str)
 .debug_str     0x0000000000000000    0x496b5 mkblctrl.cpp.o

.debug_loc      0x0000000000000000     0x13ad
 *(.debug_loc)
 .debug_loc     0x0000000000000000     0x13ad mkblctrl.cpp.o

.debug_macinfo
 *(.debug_macinfo)

.debug_weaknames
 *(.debug_weaknames)

.debug_funcnames
 *(.debug_funcnames)

.debug_typenames
 *(.debug_typenames)

.debug_varnames
 *(.debug_varnames)

.debug_pubtypes
 *(.debug_pubtypes)

.debug_ranges   0x0000000000000000      0x1d0
 *(.debug_ranges)
 .debug_ranges  0x0000000000000000      0x1d0 mkblctrl.cpp.o

.debug_macro    0x0000000000000000      0x618
 *(.debug_macro)
 .debug_macro   0x0000000000000000      0x618 mkblctrl.cpp.o

.stack
 *(.stack)

.ARM.attributes
                0x0000000000000000       0x35
 *(.ARM.attributes)
 .ARM.attributes
                0x0000000000000000       0x35 mkblctrl.cpp.o
 *(.gnu.attributes)

.note.gnu.arm.ident
 *(.note.gnu.arm.ident)
OUTPUT(/Users/yndal/Desktop/WorkingDroneCode/Drone-old_global-param/PX4Firmware/Build/px4fmu-v2_APM.build//Users/yndal/Desktop/WorkingDroneCode/Drone-old_global-param/PX4Firmware/src/drivers/mkblctrl/module.pre.o elf32-littlearm)

.debug_macro    0x0000000000000000      0x8bc
 .debug_macro   0x0000000000000000      0x8bc mkblctrl.cpp.o

.debug_macro    0x0000000000000000       0x22
 .debug_macro   0x0000000000000000       0x22 mkblctrl.cpp.o

.debug_macro    0x0000000000000000      0x89f
 .debug_macro   0x0000000000000000      0x89f mkblctrl.cpp.o

.debug_macro    0x0000000000000000       0xc9
 .debug_macro   0x0000000000000000       0xc9 mkblctrl.cpp.o

.debug_macro    0x0000000000000000      0x6bb
 .debug_macro   0x0000000000000000      0x6bb mkblctrl.cpp.o

.debug_macro    0x0000000000000000       0x10
 .debug_macro   0x0000000000000000       0x10 mkblctrl.cpp.o

.debug_macro    0x0000000000000000       0x88
 .debug_macro   0x0000000000000000       0x88 mkblctrl.cpp.o

.debug_macro    0x0000000000000000      0x14e
 .debug_macro   0x0000000000000000      0x14e mkblctrl.cpp.o

.debug_macro    0x0000000000000000      0x125
 .debug_macro   0x0000000000000000      0x125 mkblctrl.cpp.o

.debug_macro    0x0000000000000000       0x5d
 .debug_macro   0x0000000000000000       0x5d mkblctrl.cpp.o

.debug_macro    0x0000000000000000       0x23
 .debug_macro   0x0000000000000000       0x23 mkblctrl.cpp.o

.debug_macro    0x0000000000000000       0x53
 .debug_macro   0x0000000000000000       0x53 mkblctrl.cpp.o

.debug_macro    0x0000000000000000       0x39
 .debug_macro   0x0000000000000000       0x39 mkblctrl.cpp.o

.debug_macro    0x0000000000000000       0x9c
 .debug_macro   0x0000000000000000       0x9c mkblctrl.cpp.o

.debug_macro    0x0000000000000000       0x5e
 .debug_macro   0x0000000000000000       0x5e mkblctrl.cpp.o

.debug_macro    0x0000000000000000       0x28
 .debug_macro   0x0000000000000000       0x28 mkblctrl.cpp.o

.debug_macro    0x0000000000000000      0x14d
 .debug_macro   0x0000000000000000      0x14d mkblctrl.cpp.o

.debug_macro    0x0000000000000000       0x58
 .debug_macro   0x0000000000000000       0x58 mkblctrl.cpp.o

.debug_macro    0x0000000000000000       0x4c
 .debug_macro   0x0000000000000000       0x4c mkblctrl.cpp.o

.debug_macro    0x0000000000000000       0x49
 .debug_macro   0x0000000000000000       0x49 mkblctrl.cpp.o

.debug_macro    0x0000000000000000      0x106
 .debug_macro   0x0000000000000000      0x106 mkblctrl.cpp.o

.debug_macro    0x0000000000000000       0x28
 .debug_macro   0x0000000000000000       0x28 mkblctrl.cpp.o

.debug_macro    0x0000000000000000       0xd1
 .debug_macro   0x0000000000000000       0xd1 mkblctrl.cpp.o

.debug_macro    0x0000000000000000       0x98
 .debug_macro   0x0000000000000000       0x98 mkblctrl.cpp.o

.debug_macro    0x0000000000000000       0x16
 .debug_macro   0x0000000000000000       0x16 mkblctrl.cpp.o

.debug_macro    0x0000000000000000       0x59
 .debug_macro   0x0000000000000000       0x59 mkblctrl.cpp.o

.debug_macro    0x0000000000000000      0x11b
 .debug_macro   0x0000000000000000      0x11b mkblctrl.cpp.o

.debug_macro    0x0000000000000000       0x46
 .debug_macro   0x0000000000000000       0x46 mkblctrl.cpp.o

.debug_macro    0x0000000000000000      0x27f
 .debug_macro   0x0000000000000000      0x27f mkblctrl.cpp.o

.debug_macro    0x0000000000000000       0x10
 .debug_macro   0x0000000000000000       0x10 mkblctrl.cpp.o

.debug_macro    0x0000000000000000      0x195
 .debug_macro   0x0000000000000000      0x195 mkblctrl.cpp.o

.debug_macro    0x0000000000000000       0x8a
 .debug_macro   0x0000000000000000       0x8a mkblctrl.cpp.o

.debug_macro    0x0000000000000000       0x10
 .debug_macro   0x0000000000000000       0x10 mkblctrl.cpp.o

.debug_macro    0x0000000000000000       0x10
 .debug_macro   0x0000000000000000       0x10 mkblctrl.cpp.o

.debug_macro    0x0000000000000000       0xb4
 .debug_macro   0x0000000000000000       0xb4 mkblctrl.cpp.o

.debug_macro    0x0000000000000000       0x41
 .debug_macro   0x0000000000000000       0x41 mkblctrl.cpp.o

.debug_macro    0x0000000000000000       0x4d
 .debug_macro   0x0000000000000000       0x4d mkblctrl.cpp.o

.debug_macro    0x0000000000000000       0x58
 .debug_macro   0x0000000000000000       0x58 mkblctrl.cpp.o

.debug_macro    0x0000000000000000       0x16
 .debug_macro   0x0000000000000000       0x16 mkblctrl.cpp.o

.debug_macro    0x0000000000000000       0x2e
 .debug_macro   0x0000000000000000       0x2e mkblctrl.cpp.o

.debug_macro    0x0000000000000000       0xa3
 .debug_macro   0x0000000000000000       0xa3 mkblctrl.cpp.o

.debug_macro    0x0000000000000000      0x281
 .debug_macro   0x0000000000000000      0x281 mkblctrl.cpp.o

.debug_macro    0x0000000000000000       0x16
 .debug_macro   0x0000000000000000       0x16 mkblctrl.cpp.o

.debug_macro    0x0000000000000000       0x19
 .debug_macro   0x0000000000000000       0x19 mkblctrl.cpp.o

.debug_macro    0x0000000000000000       0x78
 .debug_macro   0x0000000000000000       0x78 mkblctrl.cpp.o

.debug_macro    0x0000000000000000       0x28
 .debug_macro   0x0000000000000000       0x28 mkblctrl.cpp.o

.debug_macro    0x0000000000000000      0x6cb
 .debug_macro   0x0000000000000000      0x6cb mkblctrl.cpp.o

.debug_macro    0x0000000000000000      0x20a
 .debug_macro   0x0000000000000000      0x20a mkblctrl.cpp.o

.debug_macro    0x0000000000000000      0xf6f
 .debug_macro   0x0000000000000000      0xf6f mkblctrl.cpp.o

.debug_macro    0x0000000000000000      0x2ab
 .debug_macro   0x0000000000000000      0x2ab mkblctrl.cpp.o

.debug_macro    0x0000000000000000      0x8b5
 .debug_macro   0x0000000000000000      0x8b5 mkblctrl.cpp.o

.debug_macro    0x0000000000000000       0x78
 .debug_macro   0x0000000000000000       0x78 mkblctrl.cpp.o

.debug_macro    0x0000000000000000      0x14e
 .debug_macro   0x0000000000000000      0x14e mkblctrl.cpp.o

.debug_macro    0x0000000000000000      0x7ca
 .debug_macro   0x0000000000000000      0x7ca mkblctrl.cpp.o

.debug_macro    0x0000000000000000       0xff
 .debug_macro   0x0000000000000000       0xff mkblctrl.cpp.o

.debug_macro    0x0000000000000000      0xae7
 .debug_macro   0x0000000000000000      0xae7 mkblctrl.cpp.o

.debug_macro    0x0000000000000000       0x51
 .debug_macro   0x0000000000000000       0x51 mkblctrl.cpp.o

.debug_macro    0x0000000000000000      0x11a
 .debug_macro   0x0000000000000000      0x11a mkblctrl.cpp.o

.debug_macro    0x0000000000000000       0x16
 .debug_macro   0x0000000000000000       0x16 mkblctrl.cpp.o

.debug_macro    0x0000000000000000       0x1d
 .debug_macro   0x0000000000000000       0x1d mkblctrl.cpp.o

.debug_macro    0x0000000000000000      0x206
 .debug_macro   0x0000000000000000      0x206 mkblctrl.cpp.o

.debug_macro    0x0000000000000000      0x56a
 .debug_macro   0x0000000000000000      0x56a mkblctrl.cpp.o

.debug_macro    0x0000000000000000      0x2bf
 .debug_macro   0x0000000000000000      0x2bf mkblctrl.cpp.o

.debug_macro    0x0000000000000000       0xd3
 .debug_macro   0x0000000000000000       0xd3 mkblctrl.cpp.o

.debug_macro    0x0000000000000000       0x16
 .debug_macro   0x0000000000000000       0x16 mkblctrl.cpp.o

.debug_macro    0x0000000000000000       0x34
 .debug_macro   0x0000000000000000       0x34 mkblctrl.cpp.o

.debug_macro    0x0000000000000000      0xab0
 .debug_macro   0x0000000000000000      0xab0 mkblctrl.cpp.o

.debug_macro    0x0000000000000000       0x17
 .debug_macro   0x0000000000000000       0x17 mkblctrl.cpp.o

.debug_macro    0x0000000000000000      0x6fa
 .debug_macro   0x0000000000000000      0x6fa mkblctrl.cpp.o

.debug_macro    0x0000000000000000       0x22
 .debug_macro   0x0000000000000000       0x22 mkblctrl.cpp.o

.debug_macro    0x0000000000000000      0x596
 .debug_macro   0x0000000000000000      0x596 mkblctrl.cpp.o

.debug_macro    0x0000000000000000       0x16
 .debug_macro   0x0000000000000000       0x16 mkblctrl.cpp.o

.debug_macro    0x0000000000000000      0x29b
 .debug_macro   0x0000000000000000      0x29b mkblctrl.cpp.o

.debug_macro    0x0000000000000000       0x16
 .debug_macro   0x0000000000000000       0x16 mkblctrl.cpp.o

.debug_macro    0x0000000000000000     0x15a4
 .debug_macro   0x0000000000000000     0x15a4 mkblctrl.cpp.o

.debug_macro    0x0000000000000000       0x53
 .debug_macro   0x0000000000000000       0x53 mkblctrl.cpp.o

.debug_macro    0x0000000000000000      0x347
 .debug_macro   0x0000000000000000      0x347 mkblctrl.cpp.o

.debug_macro    0x0000000000000000       0x96
 .debug_macro   0x0000000000000000       0x96 mkblctrl.cpp.o

.debug_macro    0x0000000000000000       0x1c
 .debug_macro   0x0000000000000000       0x1c mkblctrl.cpp.o

.debug_macro    0x0000000000000000       0x9a
 .debug_macro   0x0000000000000000       0x9a mkblctrl.cpp.o

.debug_macro    0x0000000000000000      0x1cf
 .debug_macro   0x0000000000000000      0x1cf mkblctrl.cpp.o

.debug_macro    0x0000000000000000      0x16c
 .debug_macro   0x0000000000000000      0x16c mkblctrl.cpp.o

.debug_macro    0x0000000000000000      0x413
 .debug_macro   0x0000000000000000      0x413 mkblctrl.cpp.o

.debug_macro    0x0000000000000000       0x5f
 .debug_macro   0x0000000000000000       0x5f mkblctrl.cpp.o

.debug_macro    0x0000000000000000       0x1d
 .debug_macro   0x0000000000000000       0x1d mkblctrl.cpp.o

.debug_macro    0x0000000000000000       0xdf
 .debug_macro   0x0000000000000000       0xdf mkblctrl.cpp.o

.debug_macro    0x0000000000000000       0x16
 .debug_macro   0x0000000000000000       0x16 mkblctrl.cpp.o

.debug_macro    0x0000000000000000      0x13f
 .debug_macro   0x0000000000000000      0x13f mkblctrl.cpp.o

.debug_macro    0x0000000000000000       0x16
 .debug_macro   0x0000000000000000       0x16 mkblctrl.cpp.o

.debug_macro    0x0000000000000000       0x1c
 .debug_macro   0x0000000000000000       0x1c mkblctrl.cpp.o

.debug_macro    0x0000000000000000      0xdb4
 .debug_macro   0x0000000000000000      0xdb4 mkblctrl.cpp.o

.debug_macro    0x0000000000000000       0x16
 .debug_macro   0x0000000000000000       0x16 mkblctrl.cpp.o

.debug_macro    0x0000000000000000      0x21b
 .debug_macro   0x0000000000000000      0x21b mkblctrl.cpp.o

.debug_macro    0x0000000000000000      0x24d
 .debug_macro   0x0000000000000000      0x24d mkblctrl.cpp.o

.debug_macro    0x0000000000000000       0x1c
 .debug_macro   0x0000000000000000       0x1c mkblctrl.cpp.o

.debug_macro    0x0000000000000000       0x29
 .debug_macro   0x0000000000000000       0x29 mkblctrl.cpp.o

.debug_macro    0x0000000000000000       0x46
 .debug_macro   0x0000000000000000       0x46 mkblctrl.cpp.o

.debug_macro    0x0000000000000000      0x14a
 .debug_macro   0x0000000000000000      0x14a mkblctrl.cpp.o

.debug_macro    0x0000000000000000       0x18
 .debug_macro   0x0000000000000000       0x18 mkblctrl.cpp.o

.debug_macro    0x0000000000000000       0x38
 .debug_macro   0x0000000000000000       0x38 mkblctrl.cpp.o

.debug_macro    0x0000000000000000      0x167
 .debug_macro   0x0000000000000000      0x167 mkblctrl.cpp.o

.debug_macro    0x0000000000000000       0x3a
 .debug_macro   0x0000000000000000       0x3a mkblctrl.cpp.o

.debug_macro    0x0000000000000000       0x16
 .debug_macro   0x0000000000000000       0x16 mkblctrl.cpp.o

.debug_macro    0x0000000000000000       0x10
 .debug_macro   0x0000000000000000       0x10 mkblctrl.cpp.o
