
Memory Configuration

Name             Origin             Length             Attributes
*default*        0x0000000000000000 0xffffffffffffffff

Linker script and memory map

LOAD top.c.o

.interp
 *(.interp)

.note.gnu.build-id
 *(.note.gnu.build-id)

.hash
 *(.hash)

.gnu.hash
 *(.gnu.hash)

.dynsym
 *(.dynsym)

.dynstr
 *(.dynstr)

.gnu.version
 *(.gnu.version)

.gnu.version_d
 *(.gnu.version_d)

.gnu.version_r
 *(.gnu.version_r)

.rel.init
 *(.rel.init)

.rela.init
 *(.rela.init)

.rel.text
 *(.rel.text)

.rela.text
 *(.rela.text)

.rel.fini
 *(.rel.fini)

.rela.fini
 *(.rela.fini)

.rel.rodata
 *(.rel.rodata)

.rela.rodata
 *(.rela.rodata)

.rel.data.rel.ro
 *(.rel.data.rel.ro)

.rela.data.rel.ro
 *(.rela.data.rel.ro)

.rel.data
 *(.rel.data)

.rela.data
 *(.rela.data)

.rel.tdata
 *(.rel.tdata)

.rela.tdata
 *(.rela.tdata)

.rel.tbss
 *(.rel.tbss)

.rela.tbss
 *(.rela.tbss)

.rel.ctors
 *(.rel.ctors)

.rela.ctors
 *(.rela.ctors)

.rel.dtors
 *(.rel.dtors)

.rela.dtors
 *(.rela.dtors)

.rel.got
 *(.rel.got)

.rela.got
 *(.rela.got)

.rel.bss
 *(.rel.bss)

.rela.bss
 *(.rela.bss)

.rel.iplt
 *(.rel.iplt)

.rela.iplt
 *(.rela.iplt)

.rel.plt
 *(.rel.plt)

.rela.plt
 *(.rela.plt)

.init
 *(SORT(.init))

.plt
 *(.plt)

.iplt
 *(.iplt)

.text           0x0000000000000000        0x0
 *(.text .stub)
 .text          0x0000000000000000        0x0 top.c.o
 *(.gnu.warning)

.text.top_main  0x0000000000000000      0x3f8
 .text.top_main
                0x0000000000000000      0x3f8 top.c.o
                0x0000000000000000                top_main

.fini
 *(SORT(.fini))

.rodata
 *(.rodata)

.rodata.str1.1  0x0000000000000000      0x15e
 .rodata.str1.1
                0x0000000000000000      0x15e top.c.o

.rodata.CSWTCH.4
                0x0000000000000000       0x24
 .rodata.CSWTCH.4
                0x0000000000000000       0x24 top.c.o

.rodata1
 *(.rodata1)

.ARM.extab
 *(.ARM.extab)

.ARM.exidx
 *(.ARM.exidx)

.eh_frame_hdr
 *(.eh_frame_hdr)

.eh_frame
 *(.eh_frame)

.gcc_except_table
 *(.gcc_except_table .gcc_except_table.*)

.exception_ranges
 *(.exception_ranges .exception_ranges*)

.eh_frame
 *(.eh_frame)

.gcc_except_table
 *(.gcc_except_table .gcc_except_table.*)

.exception_ranges
 *(.exception_ranges .exception_ranges*)

.tdata
 *(.tdata)

.tbss
 *(.tbss)

.preinit_array
 *(.preinit_array)

.jcr
 *(.jcr)

.dynamic
 *(.dynamic)

.got
 *(.got.plt)
 *(.igot.plt)
 *(.got)
 *(.igot)

.data           0x0000000000000000        0x0
 *(.data)
 .data          0x0000000000000000        0x0 top.c.o

.data1
 *(.data1)

.bss            0x0000000000000000        0x0
 *(.dynbss)
 *(.bss)
 .bss           0x0000000000000000        0x0 top.c.o
 *(COMMON)

.stab
 *(.stab)

.stabstr
 *(.stabstr)

.stab.excl
 *(.stab.excl)

.stab.exclstr
 *(.stab.exclstr)

.stab.index
 *(.stab.index)

.stab.indexstr
 *(.stab.indexstr)

.comment        0x0000000000000000       0x71
 *(.comment)
 .comment       0x0000000000000000       0x71 top.c.o

.group          0x0000000000000000        0x8
 .group         0x0000000000000000        0x8 top.c.o

.group          0x0000000000000000        0x8
 .group         0x0000000000000000        0x8 top.c.o

.group          0x0000000000000000        0x8
 .group         0x0000000000000000        0x8 top.c.o

.group          0x0000000000000000        0x8
 .group         0x0000000000000000        0x8 top.c.o

.group          0x0000000000000000        0x8
 .group         0x0000000000000000        0x8 top.c.o

.group          0x0000000000000000        0x8
 .group         0x0000000000000000        0x8 top.c.o

.group          0x0000000000000000        0x8
 .group         0x0000000000000000        0x8 top.c.o

.group          0x0000000000000000        0x8
 .group         0x0000000000000000        0x8 top.c.o

.group          0x0000000000000000        0x8
 .group         0x0000000000000000        0x8 top.c.o

.group          0x0000000000000000        0x8
 .group         0x0000000000000000        0x8 top.c.o

.group          0x0000000000000000        0x8
 .group         0x0000000000000000        0x8 top.c.o

.group          0x0000000000000000        0x8
 .group         0x0000000000000000        0x8 top.c.o

.group          0x0000000000000000        0x8
 .group         0x0000000000000000        0x8 top.c.o

.group          0x0000000000000000        0x8
 .group         0x0000000000000000        0x8 top.c.o

.group          0x0000000000000000        0x8
 .group         0x0000000000000000        0x8 top.c.o

.group          0x0000000000000000        0x8
 .group         0x0000000000000000        0x8 top.c.o

.group          0x0000000000000000        0x8
 .group         0x0000000000000000        0x8 top.c.o

.group          0x0000000000000000        0x8
 .group         0x0000000000000000        0x8 top.c.o

.group          0x0000000000000000        0x8
 .group         0x0000000000000000        0x8 top.c.o

.group          0x0000000000000000        0x8
 .group         0x0000000000000000        0x8 top.c.o

.group          0x0000000000000000        0x8
 .group         0x0000000000000000        0x8 top.c.o

.group          0x0000000000000000        0x8
 .group         0x0000000000000000        0x8 top.c.o

.group          0x0000000000000000        0x8
 .group         0x0000000000000000        0x8 top.c.o

.group          0x0000000000000000        0x8
 .group         0x0000000000000000        0x8 top.c.o

.group          0x0000000000000000        0x8
 .group         0x0000000000000000        0x8 top.c.o

.group          0x0000000000000000        0x8
 .group         0x0000000000000000        0x8 top.c.o

.group          0x0000000000000000        0x8
 .group         0x0000000000000000        0x8 top.c.o

.group          0x0000000000000000        0x8
 .group         0x0000000000000000        0x8 top.c.o

.group          0x0000000000000000        0x8
 .group         0x0000000000000000        0x8 top.c.o

.group          0x0000000000000000        0x8
 .group         0x0000000000000000        0x8 top.c.o

.group          0x0000000000000000        0x8
 .group         0x0000000000000000        0x8 top.c.o

.group          0x0000000000000000        0x8
 .group         0x0000000000000000        0x8 top.c.o

.group          0x0000000000000000        0x8
 .group         0x0000000000000000        0x8 top.c.o

.group          0x0000000000000000        0x8
 .group         0x0000000000000000        0x8 top.c.o

.group          0x0000000000000000        0x8
 .group         0x0000000000000000        0x8 top.c.o

.group          0x0000000000000000        0x8
 .group         0x0000000000000000        0x8 top.c.o

.debug
 *(.debug)

.line
 *(.line)

.debug_srcinfo
 *(.debug_srcinfo)

.debug_sfnames
 *(.debug_sfnames)

.debug_aranges  0x0000000000000000       0x20
 *(.debug_aranges)
 .debug_aranges
                0x0000000000000000       0x20 top.c.o

.debug_pubnames
 *(.debug_pubnames)

.debug_info     0x0000000000000000     0x12fc
 *(.debug_info)
 .debug_info    0x0000000000000000     0x12fc top.c.o

.debug_abbrev   0x0000000000000000      0x272
 *(.debug_abbrev)
 .debug_abbrev  0x0000000000000000      0x272 top.c.o

.debug_line     0x0000000000000000      0x8fd
 *(.debug_line)
 .debug_line    0x0000000000000000      0x8fd top.c.o

.debug_frame    0x0000000000000000       0x48
 *(.debug_frame)
 .debug_frame   0x0000000000000000       0x48 top.c.o

.debug_str      0x0000000000000000     0x9553
 *(.debug_str)
 .debug_str     0x0000000000000000     0x9553 top.c.o

.debug_loc      0x0000000000000000      0x3c4
 *(.debug_loc)
 .debug_loc     0x0000000000000000      0x3c4 top.c.o

.debug_macinfo
 *(.debug_macinfo)

.debug_weaknames
 *(.debug_weaknames)

.debug_funcnames
 *(.debug_funcnames)

.debug_typenames
 *(.debug_typenames)

.debug_varnames
 *(.debug_varnames)

.debug_pubtypes
 *(.debug_pubtypes)

.debug_ranges   0x0000000000000000       0x78
 *(.debug_ranges)
 .debug_ranges  0x0000000000000000       0x78 top.c.o

.debug_macro    0x0000000000000000      0x1d0
 *(.debug_macro)
 .debug_macro   0x0000000000000000      0x1d0 top.c.o

.stack
 *(.stack)

.ARM.attributes
                0x0000000000000000       0x35
 *(.ARM.attributes)
 .ARM.attributes
                0x0000000000000000       0x35 top.c.o
 *(.gnu.attributes)

.note.gnu.arm.ident
 *(.note.gnu.arm.ident)
OUTPUT(/Users/yndal/Desktop/WorkingDroneCode/Drone-old_global-param/PX4Firmware/Build/px4fmu-v2_APM.build//Users/yndal/Desktop/WorkingDroneCode/Drone-old_global-param/PX4Firmware/src/systemcmds/top/module.pre.o elf32-littlearm)

.debug_macro    0x0000000000000000      0x89e
 .debug_macro   0x0000000000000000      0x89e top.c.o

.debug_macro    0x0000000000000000       0x22
 .debug_macro   0x0000000000000000       0x22 top.c.o

.debug_macro    0x0000000000000000      0x89f
 .debug_macro   0x0000000000000000      0x89f top.c.o

.debug_macro    0x0000000000000000       0xc9
 .debug_macro   0x0000000000000000       0xc9 top.c.o

.debug_macro    0x0000000000000000       0x10
 .debug_macro   0x0000000000000000       0x10 top.c.o

.debug_macro    0x0000000000000000       0x88
 .debug_macro   0x0000000000000000       0x88 top.c.o

.debug_macro    0x0000000000000000      0x14e
 .debug_macro   0x0000000000000000      0x14e top.c.o

.debug_macro    0x0000000000000000      0x125
 .debug_macro   0x0000000000000000      0x125 top.c.o

.debug_macro    0x0000000000000000       0x69
 .debug_macro   0x0000000000000000       0x69 top.c.o

.debug_macro    0x0000000000000000       0x58
 .debug_macro   0x0000000000000000       0x58 top.c.o

.debug_macro    0x0000000000000000       0x4c
 .debug_macro   0x0000000000000000       0x4c top.c.o

.debug_macro    0x0000000000000000       0x49
 .debug_macro   0x0000000000000000       0x49 top.c.o

.debug_macro    0x0000000000000000      0x106
 .debug_macro   0x0000000000000000      0x106 top.c.o

.debug_macro    0x0000000000000000       0x23
 .debug_macro   0x0000000000000000       0x23 top.c.o

.debug_macro    0x0000000000000000       0x28
 .debug_macro   0x0000000000000000       0x28 top.c.o

.debug_macro    0x0000000000000000       0x22
 .debug_macro   0x0000000000000000       0x22 top.c.o

.debug_macro    0x0000000000000000       0xd1
 .debug_macro   0x0000000000000000       0xd1 top.c.o

.debug_macro    0x0000000000000000       0x98
 .debug_macro   0x0000000000000000       0x98 top.c.o

.debug_macro    0x0000000000000000       0x16
 .debug_macro   0x0000000000000000       0x16 top.c.o

.debug_macro    0x0000000000000000       0x59
 .debug_macro   0x0000000000000000       0x59 top.c.o

.debug_macro    0x0000000000000000      0x11b
 .debug_macro   0x0000000000000000      0x11b top.c.o

.debug_macro    0x0000000000000000       0x46
 .debug_macro   0x0000000000000000       0x46 top.c.o

.debug_macro    0x0000000000000000      0x27f
 .debug_macro   0x0000000000000000      0x27f top.c.o

.debug_macro    0x0000000000000000       0x10
 .debug_macro   0x0000000000000000       0x10 top.c.o

.debug_macro    0x0000000000000000      0x195
 .debug_macro   0x0000000000000000      0x195 top.c.o

.debug_macro    0x0000000000000000       0x8a
 .debug_macro   0x0000000000000000       0x8a top.c.o

.debug_macro    0x0000000000000000       0x10
 .debug_macro   0x0000000000000000       0x10 top.c.o

.debug_macro    0x0000000000000000       0x10
 .debug_macro   0x0000000000000000       0x10 top.c.o

.debug_macro    0x0000000000000000       0x39
 .debug_macro   0x0000000000000000       0x39 top.c.o

.debug_macro    0x0000000000000000       0xb4
 .debug_macro   0x0000000000000000       0xb4 top.c.o

.debug_macro    0x0000000000000000       0x41
 .debug_macro   0x0000000000000000       0x41 top.c.o

.debug_macro    0x0000000000000000       0x4d
 .debug_macro   0x0000000000000000       0x4d top.c.o

.debug_macro    0x0000000000000000      0x14d
 .debug_macro   0x0000000000000000      0x14d top.c.o

.debug_macro    0x0000000000000000       0x22
 .debug_macro   0x0000000000000000       0x22 top.c.o

.debug_macro    0x0000000000000000       0x59
 .debug_macro   0x0000000000000000       0x59 top.c.o

.debug_macro    0x0000000000000000       0x18
 .debug_macro   0x0000000000000000       0x18 top.c.o
